Archive member included to satisfy reference by file (symbol)

f:/mounriver_studio/toolchain/risc-v embedded gcc/bin/../lib/gcc/riscv-none-embed/8.2.0/rv32imacxw/ilp32\libgcc.a(_clzsi2.o)
                              ./LiteOS/kernel/src/mm/los_memory.o (__clzsi2)
f:/mounriver_studio/toolchain/risc-v embedded gcc/bin/../lib/gcc/riscv-none-embed/8.2.0/rv32imacxw/ilp32\libgcc.a(_divdi3.o)
                              ./LiteOS/kernel/src/los_sched.o (__divdi3)
f:/mounriver_studio/toolchain/risc-v embedded gcc/bin/../lib/gcc/riscv-none-embed/8.2.0/rv32imacxw/ilp32\libgcc.a(_udivdi3.o)
                              ./LiteOS/third_party/bounds_checking_function/src/secureprintoutput_a.o (__udivdi3)
f:/mounriver_studio/toolchain/risc-v embedded gcc/bin/../lib/gcc/riscv-none-embed/8.2.0/rv32imacxw/ilp32\libgcc.a(_umoddi3.o)
                              ./LiteOS/third_party/bounds_checking_function/src/secureprintoutput_a.o (__umoddi3)
f:/mounriver_studio/toolchain/risc-v embedded gcc/bin/../lib/gcc/riscv-none-embed/8.2.0/rv32imacxw/ilp32\libgcc.a(divdf3.o)
                              ./LiteOS/kernel/src/los_tick.o (__divdf3)
f:/mounriver_studio/toolchain/risc-v embedded gcc/bin/../lib/gcc/riscv-none-embed/8.2.0/rv32imacxw/ilp32\libgcc.a(subdf3.o)
                              ./Device/GUI_Paint.o (__subdf3)
f:/mounriver_studio/toolchain/risc-v embedded gcc/bin/../lib/gcc/riscv-none-embed/8.2.0/rv32imacxw/ilp32\libgcc.a(fixdfsi.o)
                              ./Device/GUI_Paint.o (__fixdfsi)
f:/mounriver_studio/toolchain/risc-v embedded gcc/bin/../lib/gcc/riscv-none-embed/8.2.0/rv32imacxw/ilp32\libgcc.a(floatsidf.o)
                              ./Device/GUI_Paint.o (__floatsidf)
f:/mounriver_studio/toolchain/risc-v embedded gcc/bin/../lib/gcc/riscv-none-embed/8.2.0/rv32imacxw/ilp32\libgcc.a(floatunsidf.o)
                              ./LiteOS/kernel/src/los_tick.o (__floatunsidf)
f:/mounriver_studio/toolchain/risc-v embedded gcc/bin/../lib/gcc/riscv-none-embed/8.2.0/rv32imacxw/ilp32\libgcc.a(fixunsdfdi.o)
                              ./LiteOS/kernel/src/los_tick.o (__fixunsdfdi)
f:/mounriver_studio/toolchain/risc-v embedded gcc/bin/../lib/gcc/riscv-none-embed/8.2.0/rv32imacxw/ilp32\libgcc.a(floatundidf.o)
                              ./LiteOS/kernel/src/los_tick.o (__floatundidf)
f:/mounriver_studio/toolchain/risc-v embedded gcc/bin/../lib/gcc/riscv-none-embed/8.2.0/rv32imacxw/ilp32\libgcc.a(mulsf3.o)
                              ./Device/GUI_Paint.o (__mulsf3)
f:/mounriver_studio/toolchain/risc-v embedded gcc/bin/../lib/gcc/riscv-none-embed/8.2.0/rv32imacxw/ilp32\libgcc.a(fixsfsi.o)
                              ./Device/GUI_Paint.o (__fixsfsi)
f:/mounriver_studio/toolchain/risc-v embedded gcc/bin/../lib/gcc/riscv-none-embed/8.2.0/rv32imacxw/ilp32\libgcc.a(truncdfsf2.o)
                              ./LiteOS/third_party/bounds_checking_function/src/secureinput_a.o (__truncdfsf2)
f:/mounriver_studio/toolchain/risc-v embedded gcc/bin/../lib/gcc/riscv-none-embed/8.2.0/rv32imacxw/ilp32\libgcc.a(save-restore.o)
                              ./LiteOS/third_party/bounds_checking_function/src/secureinput_a.o (__riscv_save_12)
f:/mounriver_studio/toolchain/risc-v embedded gcc/bin/../lib/gcc/riscv-none-embed/8.2.0/rv32imacxw/ilp32\libgcc.a(_clz.o)
                              f:/mounriver_studio/toolchain/risc-v embedded gcc/bin/../lib/gcc/riscv-none-embed/8.2.0/rv32imacxw/ilp32\libgcc.a(_clzsi2.o) (__clz_tab)
f:/mounriver_studio/toolchain/risc-v embedded gcc/bin/../lib/gcc/riscv-none-embed/8.2.0/../../../../riscv-none-embed/lib/rv32imacxw/ilp32\libg_nano.a(lib_a-fgetc.o)
                              ./LiteOS/third_party/bounds_checking_function/src/secureinput_a.o (fgetc)
f:/mounriver_studio/toolchain/risc-v embedded gcc/bin/../lib/gcc/riscv-none-embed/8.2.0/../../../../riscv-none-embed/lib/rv32imacxw/ilp32\libg_nano.a(lib_a-fgets.o)
                              ./LiteOS/third_party/bounds_checking_function/src/gets_s.o (fgets)
f:/mounriver_studio/toolchain/risc-v embedded gcc/bin/../lib/gcc/riscv-none-embed/8.2.0/../../../../riscv-none-embed/lib/rv32imacxw/ilp32\libg_nano.a(lib_a-fgetwc.o)
                              ./LiteOS/third_party/bounds_checking_function/src/secureinput_w.o (fgetwc)
f:/mounriver_studio/toolchain/risc-v embedded gcc/bin/../lib/gcc/riscv-none-embed/8.2.0/../../../../riscv-none-embed/lib/rv32imacxw/ilp32\libg_nano.a(lib_a-findfp.o)
                              f:/mounriver_studio/toolchain/risc-v embedded gcc/bin/../lib/gcc/riscv-none-embed/8.2.0/../../../../riscv-none-embed/lib/rv32imacxw/ilp32\libg_nano.a(lib_a-fgetc.o) (__sinit)
f:/mounriver_studio/toolchain/risc-v embedded gcc/bin/../lib/gcc/riscv-none-embed/8.2.0/../../../../riscv-none-embed/lib/rv32imacxw/ilp32\libg_nano.a(lib_a-fread.o)
                              ./LiteOS/third_party/bounds_checking_function/src/secureinput_a.o (fread)
[...]
Memory Configuration

Name             Origin             Length             Attributes
FLASH            0x0000000000000000 0x0000000000040000 xr
RAM              0x0000000020000000 0x0000000000010000 xrw
*default*        0x0000000000000000 0xffffffffffffffff

Linker script and memory map

LOAD ./User/ch32v30x_it.o
LOAD ./User/main.o
LOAD ./User/system_ch32v30x.o
LOAD ./User/thread_Eink.o
LOAD ./User/thread_WiFi.o
LOAD ./User/user_usart.o
LOAD ./Startup/startup_ch32v30x_D8C.o
LOAD ./Peripheral/src/ch32v30x_adc.o
LOAD ./Peripheral/src/ch32v30x_bkp.o
LOAD ./Peripheral/src/ch32v30x_can.o
LOAD ./Peripheral/src/ch32v30x_crc.o
LOAD ./Peripheral/src/ch32v30x_dac.o
LOAD ./Peripheral/src/ch32v30x_dbgmcu.o
LOAD ./Peripheral/src/ch32v30x_dma.o
LOAD ./Peripheral/src/ch32v30x_dvp.o
LOAD ./Peripheral/src/ch32v30x_eth.o
LOAD ./Peripheral/src/ch32v30x_exti.o
LOAD ./Peripheral/src/ch32v30x_flash.o
LOAD ./Peripheral/src/ch32v30x_fsmc.o
LOAD ./Peripheral/src/ch32v30x_gpio.o
LOAD ./Peripheral/src/ch32v30x_i2c.o
LOAD ./Peripheral/src/ch32v30x_iwdg.o
LOAD ./Peripheral/src/ch32v30x_misc.o
LOAD ./Peripheral/src/ch32v30x_opa.o
LOAD ./Peripheral/src/ch32v30x_pwr.o
LOAD ./Peripheral/src/ch32v30x_rcc.o
LOAD ./Peripheral/src/ch32v30x_rng.o
LOAD ./Peripheral/src/ch32v30x_rtc.o
LOAD ./Peripheral/src/ch32v30x_sdio.o
LOAD ./Peripheral/src/ch32v30x_spi.o
LOAD ./Peripheral/src/ch32v30x_tim.o
LOAD ./Peripheral/src/ch32v30x_usart.o
LOAD ./Peripheral/src/ch32v30x_wwdg.o
LOAD ./LiteOS/utils/los_debug.o
LOAD ./LiteOS/utils/los_error.o
LOAD ./LiteOS/utils/los_hook.o
LOAD ./LiteOS/third_party/bounds_checking_function/src/fscanf_s.o
LOAD ./LiteOS/third_party/bounds_checking_function/src/fwscanf_s.o
LOAD ./LiteOS/third_party/bounds_checking_function/src/gets_s.o
LOAD ./LiteOS/third_party/bounds_checking_function/src/memcpy_s.o
LOAD ./LiteOS/third_party/bounds_checking_function/src/memmove_s.o
LOAD ./LiteOS/third_party/bounds_checking_function/src/memset_s.o
LOAD ./LiteOS/third_party/bounds_checking_function/src/scanf_s.o
LOAD ./LiteOS/third_party/bounds_checking_function/src/securecutil.o
LOAD ./LiteOS/third_party/bounds_checking_function/src/secureinput_a.o
LOAD ./LiteOS/third_party/bounds_checking_function/src/secureinput_w.o
LOAD ./LiteOS/third_party/bounds_checking_function/src/secureprintoutput_a.o
LOAD ./LiteOS/third_party/bounds_checking_function/src/secureprintoutput_w.o
LOAD ./LiteOS/third_party/bounds_checking_function/src/snprintf_s.o
LOAD ./LiteOS/third_party/bounds_checking_function/src/sprintf_s.o
LOAD ./LiteOS/third_party/bounds_checking_function/src/sscanf_s.o
LOAD ./LiteOS/third_party/bounds_checking_function/src/strcat_s.o
LOAD ./LiteOS/third_party/bounds_checking_function/src/strcpy_s.o
LOAD ./LiteOS/third_party/bounds_checking_function/src/strncat_s.o
LOAD ./LiteOS/third_party/bounds_checking_function/src/strncpy_s.o
LOAD ./LiteOS/third_party/bounds_checking_function/src/strtok_s.o
LOAD ./LiteOS/third_party/bounds_checking_function/src/swprintf_s.o
LOAD ./LiteOS/third_party/bounds_checking_function/src/swscanf_s.o
LOAD ./LiteOS/third_party/bounds_checking_function/src/vfscanf_s.o
LOAD ./LiteOS/third_party/bounds_checking_function/src/vfwscanf_s.o
LOAD ./LiteOS/third_party/bounds_checking_function/src/vscanf_s.o
LOAD ./LiteOS/third_party/bounds_checking_function/src/vsnprintf_s.o
LOAD ./LiteOS/third_party/bounds_checking_function/src/vsprintf_s.o
LOAD ./LiteOS/third_party/bounds_checking_function/src/vsscanf_s.o
LOAD ./LiteOS/third_party/bounds_checking_function/src/vswprintf_s.o
LOAD ./LiteOS/third_party/bounds_checking_function/src/vswscanf_s.o
LOAD ./LiteOS/third_party/bounds_checking_function/src/vwscanf_s.o
LOAD ./LiteOS/third_party/bounds_checking_function/src/wcscat_s.o
LOAD ./LiteOS/third_party/bounds_checking_function/src/wcscpy_s.o
LOAD ./LiteOS/third_party/bounds_checking_function/src/wcsncat_s.o
LOAD ./LiteOS/third_party/bounds_checking_function/src/wcsncpy_s.o
LOAD ./LiteOS/third_party/bounds_checking_function/src/wcstok_s.o
LOAD ./LiteOS/third_party/bounds_checking_function/src/wmemcpy_s.o
LOAD ./LiteOS/third_party/bounds_checking_function/src/wmemmove_s.o
LOAD ./LiteOS/third_party/bounds_checking_function/src/wscanf_s.o
LOAD ./LiteOS/kernel/src/mm/los_membox.o
LOAD ./LiteOS/kernel/src/mm/los_memory.o
LOAD ./LiteOS/kernel/src/los_event.o
LOAD ./LiteOS/kernel/src/los_init.o
LOAD ./LiteOS/kernel/src/los_mux.o
LOAD ./LiteOS/kernel/src/los_queue.o
LOAD ./LiteOS/kernel/src/los_sched.o
LOAD ./LiteOS/kernel/src/los_sem.o
LOAD ./LiteOS/kernel/src/los_sortlink.o
LOAD ./LiteOS/kernel/src/los_swtmr.o
LOAD ./LiteOS/kernel/src/los_task.o
LOAD ./LiteOS/kernel/src/los_tick.o
LOAD ./LiteOS/kernel/arch/risc-v/V4A/gcc/los_context.o
LOAD ./LiteOS/kernel/arch/risc-v/V4A/gcc/los_dispatch.o
LOAD ./LiteOS/kernel/arch/risc-v/V4A/gcc/los_exc.o
LOAD ./LiteOS/kernel/arch/risc-v/V4A/gcc/los_interrupt.o
LOAD ./LiteOS/kernel/arch/risc-v/V4A/gcc/los_timer.o
LOAD ./LiteOS/components/power/los_pm.o
LOAD ./LiteOS/components/cpup/los_cpup.o
LOAD ./LiteOS/components/backtrace/los_backtrace.o
LOAD ./Fonts/font12.o
LOAD ./Fonts/font12CN.o
LOAD ./Fonts/font16.o
LOAD ./Fonts/font20.o
LOAD ./Fonts/font24.o
LOAD ./Fonts/font24CN.o
LOAD ./Fonts/font8.o
LOAD ./Device/generated/Image_Asuka_frames.o
LOAD ./Device/EPD.o
LOAD ./Device/EPD_SPI.o
LOAD ./Device/ESP8266.o
LOAD ./Device/GUI_Paint.o
LOAD ./Debug/debug.o
LOAD ./Core/core_riscv.o
LOAD f:/mounriver_studio/toolchain/risc-v embedded gcc/bin/../lib/gcc/riscv-none-embed/8.2.0/../../../../riscv-none-embed/lib/rv32imacxw/ilp32\libm.a
LOAD f:/mounriver_studio/toolchain/risc-v embedded gcc/bin/../lib/gcc/riscv-none-embed/8.2.0/rv32imacxw/ilp32\libgcc.a
LOAD f:/mounriver_studio/toolchain/risc-v embedded gcc/bin/../lib/gcc/riscv-none-embed/8.2.0/../../../../riscv-none-embed/lib/rv32imacxw/ilp32\libg_nano.a
LOAD f:/mounriver_studio/toolchain/risc-v embedded gcc/bin/../lib/gcc/riscv-none-embed/8.2.0/../../../../riscv-none-embed/lib/rv32imacxw/ilp32\libc_nano.a
LOAD f:/mounriver_studio/toolchain/risc-v embedded gcc/bin/../lib/gcc/riscv-none-embed/8.2.0/rv32imacxw/ilp32\libgcc.a
START GROUP
LOAD f:/mounriver_studio/toolchain/risc-v embedded gcc/bin/../lib/gcc/riscv-none-embed/8.2.0/rv32imacxw/ilp32\libgcc.a
LOAD f:/mounriver_studio/toolchain/risc-v embedded gcc/bin/../lib/gcc/riscv-none-embed/8.2.0/../../../../riscv-none-embed/lib/rv32imacxw/ilp32\libc_nano.a
LOAD f:/mounriver_studio/toolchain/risc-v embedded gcc/bin/../lib/gcc/riscv-none-embed/8.2.0/../../../../riscv-none-embed/lib/rv32imacxw/ilp32\libnosys.a
END GROUP
START GROUP
LOAD f:/mounriver_studio/toolchain/risc-v embedded gcc/bin/../lib/gcc/riscv-none-embed/8.2.0/rv32imacxw/ilp32\libgcc.a
LOAD f:/mounriver_studio/toolchain/risc-v embedded gcc/bin/../lib/gcc/riscv-none-embed/8.2.0/../../../../riscv-none-embed/lib/rv32imacxw/ilp32\libc_nano.a
LOAD f:/mounriver_studio/toolchain/risc-v embedded gcc/bin/../lib/gcc/riscv-none-embed/8.2.0/../../../../riscv-none-embed/lib/rv32imacxw/ilp32\libnosys.a
END GROUP
                0x0000000000000800                __stack_size = 0x800
                [!provide]                        PROVIDE (_stack_size = __stack_size)

.init           0x0000000000000000        0x4
                0x0000000000000000                _sinit = .
                0x0000000000000000                . = ALIGN (0x4)
 *(SORT_NONE(.init))
 .init          0x0000000000000000        0x4 ./Startup/startup_ch32v30x_D8C.o
                0x0000000000000000                _start
                0x0000000000000004                . = ALIGN (0x4)
                0x0000000000000004                _einit = .

.vector         0x0000000000000004      0x1bc
 *(.vector)
 .vector        0x0000000000000004      0x1a0 ./Startup/startup_ch32v30x_D8C.o
                0x00000000000001c0                . = ALIGN (0x40)
 *fill*         0x00000000000001a4       0x1c 

.text           0x00000000000001c0     0x7cf0
                0x00000000000001c0                . = ALIGN (0x4)
 *(.text)
 .text          0x00000000000001c0       0x8e ./LiteOS/kernel/arch/risc-v/V4A/gcc/los_dispatch.o
                0x00000000000001c0                HalIntLock
                0x00000000000001ce                HalIntUnLock
                0x00000000000001dc                HalIntRestore
                0x00000000000001e4                HalStartToRun
 .text          0x000000000000024e       0x60 f:/mounriver_studio/toolchain/risc-v embedded gcc/bin/../lib/gcc/riscv-none-embed/8.2.0/rv32imacxw/ilp32\libgcc.a(save-restore.o)
                0x000000000000024e                __riscv_save_12
                0x0000000000000256                __riscv_save_9
                0x0000000000000256                __riscv_save_11
                0x0000000000000256                __riscv_save_10
                0x0000000000000256                __riscv_save_8
                0x0000000000000264                __riscv_save_4
                0x0000000000000264                __riscv_save_6
                0x0000000000000264                __riscv_save_5
                0x0000000000000264                __riscv_save_7
                0x000000000000027e                __riscv_save_3
                0x000000000000027e                __riscv_save_2
                0x000000000000027e                __riscv_save_1
                0x000000000000027e                __riscv_save_0
                0x000000000000028a                __riscv_restore_12
                0x000000000000028e                __riscv_restore_11
                0x000000000000028e                __riscv_restore_9
                0x000000000000028e                __riscv_restore_10
                0x000000000000028e                __riscv_restore_8
                0x0000000000000298                __riscv_restore_5
                0x0000000000000298                __riscv_restore_7
                0x0000000000000298                __riscv_restore_6
                0x0000000000000298                __riscv_restore_4
                0x00000000000002a2                __riscv_restore_3
                0x00000000000002a2                __riscv_restore_0
                0x00000000000002a2                __riscv_restore_2
                0x00000000000002a2                __riscv_restore_1
 .text          0x00000000000002ae       0xa8 f:/mounriver_studio/toolchain/risc-v embedded gcc/bin/../lib/gcc/riscv-none-embed/8.2.0/../../../../riscv-none-embed/lib/rv32imacxw/ilp32\libg_nano.a(lib_a-memset.o)
                0x00000000000002ae                memset
 *(.text.*)
 .text.NMI_Handler
                0x0000000000000356        0xa ./User/ch32v30x_it.o
                0x0000000000000356                NMI_Handler
 .text.HardFault_Handler
                0x0000000000000360       0x40 ./User/ch32v30x_it.o
                0x0000000000000360                HardFault_Handler
 .text.CRC16_Calculate
                0x00000000000003a0       0x3e ./User/ch32v30x_it.o
                0x00000000000003a0                CRC16_Calculate
 .text.recDataProcessing
                0x00000000000003de      0x192 ./User/ch32v30x_it.o
                0x00000000000003de                recDataProcessing
 .text.UART6_IRQHandler
                0x0000000000000570       0x90 ./User/ch32v30x_it.o
                0x0000000000000570                UART6_IRQHandler
 .text.taskSample
                0x0000000000000600       0x90 ./User/main.o
                0x0000000000000600                taskSample
 .text.startup.main
                0x0000000000000690       0x58 ./User/main.o
                0x0000000000000690                main
 .text.SystemInit
                0x00000000000006e8       0xfa ./User/system_ch32v30x.o
                0x00000000000006e8                SystemInit
 .text.SystemCoreClockUpdate
                0x00000000000007e2      0x12e ./User/system_ch32v30x.o
                0x00000000000007e2                SystemCoreClockUpdate
 .text.Button_Scan
                0x0000000000000910       0x68 ./User/thread_Eink.o
                0x0000000000000910                Button_Scan
 .text.Button_Init
                0x0000000000000978       0x2c ./User/thread_Eink.o
                0x0000000000000978                Button_Init
 .text.Display_First
                0x00000000000009a4       0xc2 ./User/thread_Eink.o
                0x00000000000009a4                Display_First
 .text.thread_Eink_Start
                0x0000000000000a66       0x86 ./User/thread_Eink.o
                0x0000000000000a66                thread_Eink_Start
 .text.ProcessImageData
                0x0000000000000aec       0x56 ./User/thread_WiFi.o
                0x0000000000000aec                ProcessImageData
 .text.ProcessFrame
                0x0000000000000b42       0x40 ./User/thread_WiFi.o
                0x0000000000000b42                ProcessFrame
 .text.thread_WIFI_Start
                0x0000000000000b82       0x90 ./User/thread_WiFi.o
                0x0000000000000b82                thread_WIFI_Start
 .text.USER_UART_SendString
                0x0000000000000c12       0x22 ./User/user_usart.o
                0x0000000000000c12                USER_UART_SendString
 .text.vector_handler
                0x0000000000000c34        0x2 ./Startup/startup_ch32v30x_D8C.o
                0x0000000000000c34                EXTI2_IRQHandler
                0x0000000000000c34                TIM8_TRG_COM_IRQHandler
                0x0000000000000c34                TIM8_CC_IRQHandler
                0x0000000000000c34                UART8_IRQHandler
                0x0000000000000c34                TIM1_CC_IRQHandler
                0x0000000000000c34                TIM6_IRQHandler
                0x0000000000000c34                PVD_IRQHandler
                0x0000000000000c34                SDIO_IRQHandler
                0x0000000000000c34                TIM9_BRK_IRQHandler
                0x0000000000000c34                DMA2_Channel8_IRQHandler
                0x0000000000000c34                CAN2_RX1_IRQHandler
                0x0000000000000c34                EXTI3_IRQHandler
                0x0000000000000c34                USBHS_IRQHandler
                0x0000000000000c34                DMA2_Channel9_IRQHandler
                0x0000000000000c34                TIM10_CC_IRQHandler
                0x0000000000000c34                USBFS_IRQHandler
                0x0000000000000c34                EXTI0_IRQHandler
                0x0000000000000c34                I2C2_EV_IRQHandler
                0x0000000000000c34                TIM10_TRG_COM_IRQHandler
                0x0000000000000c34                CAN2_SCE_IRQHandler
                0x0000000000000c34                ADC1_2_IRQHandler
                0x0000000000000c34                Break_Point_Handler
                0x0000000000000c34                SPI1_IRQHandler
                0x0000000000000c34                TAMPER_IRQHandler
                0x0000000000000c34                CAN2_RX0_IRQHandler
                0x0000000000000c34                TIM8_UP_IRQHandler
                0x0000000000000c34                Ecall_M_Mode_Handler
                0x0000000000000c34                DMA2_Channel2_IRQHandler
                0x0000000000000c34                DMA1_Channel4_IRQHandler
                0x0000000000000c34                TIM9_UP_IRQHandler
                0x0000000000000c34                USART3_IRQHandler
                0x0000000000000c34                RTC_IRQHandler
                0x0000000000000c34                DMA1_Channel7_IRQHandler
                0x0000000000000c34                CAN1_RX1_IRQHandler
                0x0000000000000c34                DVP_IRQHandler
                0x0000000000000c34                UART5_IRQHandler
                0x0000000000000c34                TIM4_IRQHandler
                0x0000000000000c34                DMA2_Channel1_IRQHandler
                0x0000000000000c34                I2C1_EV_IRQHandler
                0x0000000000000c34                DMA1_Channel6_IRQHandler
                0x0000000000000c34                UART4_IRQHandler
                0x0000000000000c34                DMA2_Channel4_IRQHandler
                0x0000000000000c34                TIM3_IRQHandler
                0x0000000000000c34                RCC_IRQHandler
                0x0000000000000c34                TIM1_TRG_COM_IRQHandler
                0x0000000000000c34                DMA1_Channel1_IRQHandler
                0x0000000000000c34                DMA2_Channel7_IRQHandler
                0x0000000000000c34                EXTI15_10_IRQHandler
                0x0000000000000c34                TIM7_IRQHandler
                0x0000000000000c34                CAN2_TX_IRQHandler
                0x0000000000000c34                TIM5_IRQHandler
                0x0000000000000c34                EXTI9_5_IRQHandler
                0x0000000000000c34                ETH_WKUP_IRQHandler
                0x0000000000000c34                SPI2_IRQHandler
                0x0000000000000c34                TIM10_BRK_IRQHandler
                0x0000000000000c34                TIM9_CC_IRQHandler
                0x0000000000000c34                DMA2_Channel5_IRQHandler
                0x0000000000000c34                DMA1_Channel5_IRQHandler
                0x0000000000000c34                EXTI4_IRQHandler
                0x0000000000000c34                USB_LP_CAN1_RX0_IRQHandler
                0x0000000000000c34                RNG_IRQHandler
                0x0000000000000c34                USB_HP_CAN1_TX_IRQHandler
                0x0000000000000c34                DMA1_Channel3_IRQHandler
                0x0000000000000c34                ETH_IRQHandler
                0x0000000000000c34                TIM1_UP_IRQHandler
                0x0000000000000c34                WWDG_IRQHandler
                0x0000000000000c34                USBHSWakeup_IRQHandler
                0x0000000000000c34                DMA2_Channel11_IRQHandler
                0x0000000000000c34                Ecall_U_Mode_Handler
                0x0000000000000c34                DMA2_Channel6_IRQHandler
                0x0000000000000c34                TIM2_IRQHandler
                0x0000000000000c34                TIM1_BRK_IRQHandler
                0x0000000000000c34                DMA2_Channel10_IRQHandler
                0x0000000000000c34                EXTI1_IRQHandler
                0x0000000000000c34                RTCAlarm_IRQHandler
                0x0000000000000c34                TIM10_UP_IRQHandler
                0x0000000000000c34                TIM9_TRG_COM_IRQHandler
                0x0000000000000c34                UART7_IRQHandler
                0x0000000000000c34                USART2_IRQHandler
                0x0000000000000c34                I2C2_ER_IRQHandler
                0x0000000000000c34                DMA1_Channel2_IRQHandler
                0x0000000000000c34                TIM8_BRK_IRQHandler
                0x0000000000000c34                CAN1_SCE_IRQHandler
                0x0000000000000c34                FLASH_IRQHandler
                0x0000000000000c34                USART1_IRQHandler
                0x0000000000000c34                SPI3_IRQHandler
                0x0000000000000c34                I2C1_ER_IRQHandler
                0x0000000000000c34                USBWakeUp_IRQHandler
                0x0000000000000c34                DMA2_Channel3_IRQHandler
 .text.handle_reset
                0x0000000000000c36       0x92 ./Startup/startup_ch32v30x_D8C.o
                0x0000000000000c36                handle_reset
 .text.DBGMCU_GetCHIPID
                0x0000000000000cc8        0xa ./Peripheral/src/ch32v30x_dbgmcu.o
                0x0000000000000cc8                DBGMCU_GetCHIPID
 .text.GPIO_Init
                0x0000000000000cd2       0xc0 ./Peripheral/src/ch32v30x_gpio.o
                0x0000000000000cd2                GPIO_Init
 .text.GPIO_ReadInputDataBit
                0x0000000000000d92        0xa ./Peripheral/src/ch32v30x_gpio.o
                0x0000000000000d92                GPIO_ReadInputDataBit
 .text.GPIO_SetBits
                0x0000000000000d9c        0x4 ./Peripheral/src/ch32v30x_gpio.o
                0x0000000000000d9c                GPIO_SetBits
 .text.GPIO_ResetBits
                0x0000000000000da0        0x4 ./Peripheral/src/ch32v30x_gpio.o
                0x0000000000000da0                GPIO_ResetBits
 .text.NVIC_PriorityGroupConfig
                0x0000000000000da4        0x6 ./Peripheral/src/ch32v30x_misc.o
                0x0000000000000da4                NVIC_PriorityGroupConfig
 .text.NVIC_Init
                0x0000000000000daa       0x5c ./Peripheral/src/ch32v30x_misc.o
                0x0000000000000daa                NVIC_Init
 .text.RCC_GetClocksFreq
                0x0000000000000e06      0x17a ./Peripheral/src/ch32v30x_rcc.o
                0x0000000000000e06                RCC_GetClocksFreq
 .text.RCC_APB2PeriphClockCmd
                0x0000000000000f80       0x1e ./Peripheral/src/ch32v30x_rcc.o
                0x0000000000000f80                RCC_APB2PeriphClockCmd
 .text.RCC_APB1PeriphClockCmd
                0x0000000000000f9e       0x1e ./Peripheral/src/ch32v30x_rcc.o
                0x0000000000000f9e                RCC_APB1PeriphClockCmd
 .text.USART_Init
                0x0000000000000fbc       0x8e ./Peripheral/src/ch32v30x_usart.o
                0x0000000000000fbc                USART_Init
 .text.USART_Cmd
                0x000000000000104a       0x16 ./Peripheral/src/ch32v30x_usart.o
                0x000000000000104a                USART_Cmd
 .text.USART_ITConfig
                0x0000000000001060       0x36 ./Peripheral/src/ch32v30x_usart.o
                0x0000000000001060                USART_ITConfig
 .text.USART_SendData
                0x0000000000001096        0x8 ./Peripheral/src/ch32v30x_usart.o
                0x0000000000001096                USART_SendData
 .text.USART_ReceiveData
                0x000000000000109e        0x8 ./Peripheral/src/ch32v30x_usart.o
                0x000000000000109e                USART_ReceiveData
 .text.USART_GetFlagStatus
                0x00000000000010a6        0xa ./Peripheral/src/ch32v30x_usart.o
                0x00000000000010a6                USART_GetFlagStatus
 .text.USART_GetITStatus
                0x00000000000010b0       0x3c ./Peripheral/src/ch32v30x_usart.o
                0x00000000000010b0                USART_GetITStatus
 .text.USART_ClearITPendingBit
                0x00000000000010ec       0x14 ./Peripheral/src/ch32v30x_usart.o
                0x00000000000010ec                USART_ClearITPendingBit
 .text.OsDoExcHook
                0x0000000000001100       0x20 ./LiteOS/utils/los_debug.o
                0x0000000000001100                OsDoExcHook
 .text.OsLogLevelCheck
                0x0000000000001120       0x3a ./LiteOS/utils/los_debug.o
                0x0000000000001120                OsLogLevelCheck
 .text.SecMemcpyError
                0x000000000000115a       0x62 ./LiteOS/third_party/bounds_checking_function/src/memcpy_s.o
 .text.memcpy_s
                0x00000000000011bc       0x40 ./LiteOS/third_party/bounds_checking_function/src/memcpy_s.o
                0x00000000000011bc                memcpy_s
 .text.memset_s
                0x00000000000011fc       0x52 ./LiteOS/third_party/bounds_checking_function/src/memset_s.o
                0x00000000000011fc                memset_s
 .text.OsMemMergeNode
                0x000000000000124e       0x12 ./LiteOS/kernel/src/mm/los_memory.o
 .text.OsMemAddrValidCheck
                0x0000000000001260       0x16 ./LiteOS/kernel/src/mm/los_memory.o
 .text.OsGetRealPtr
                0x0000000000001276       0x6c ./LiteOS/kernel/src/mm/los_memory.o
 .text.OsMemListDelete
                0x00000000000012e2       0x3c ./LiteOS/kernel/src/mm/los_memory.o
 .text.OsMemIsNodeValid
                0x000000000000131e       0x2c ./LiteOS/kernel/src/mm/los_memory.o
 .text.OsMemCheckUsedNode
                0x000000000000134a       0x78 ./LiteOS/kernel/src/mm/los_memory.o
 .text.OsMemSlGet
                0x00000000000013c2       0x46 ./LiteOS/kernel/src/mm/los_memory.o
 .text.OsMemFreeListIndexGet
                0x0000000000001408       0x3c ./LiteOS/kernel/src/mm/los_memory.o
 .text.OsMemFreeNodeAdd
                0x0000000000001444       0x54 ./LiteOS/kernel/src/mm/los_memory.o
 .text.OsMemFreeNodeDelete
                0x0000000000001498       0x1c ./LiteOS/kernel/src/mm/los_memory.o
 .text.OsMemSplitNode
                0x00000000000014b4       0x36 ./LiteOS/kernel/src/mm/los_memory.o
 .text.OsMemFree
                0x00000000000014ea       0x70 ./LiteOS/kernel/src/mm/los_memory.o
 .text.LOS_MemInit
                0x000000000000155a       0x82 ./LiteOS/kernel/src/mm/los_memory.o
                0x000000000000155a                LOS_MemInit
 .text.LOS_MemFree
                0x00000000000015dc       0x4c ./LiteOS/kernel/src/mm/los_memory.o
                0x00000000000015dc                LOS_MemFree
 .text.LOS_MemInfoGet
                0x0000000000001628       0xdc ./LiteOS/kernel/src/mm/los_memory.o
                0x0000000000001628                LOS_MemInfoGet
 .text.OsMemAlloc
                0x0000000000001704      0x208 ./LiteOS/kernel/src/mm/los_memory.o
 .text.LOS_MemAlloc
                0x000000000000190c       0x52 ./LiteOS/kernel/src/mm/los_memory.o
                0x000000000000190c                LOS_MemAlloc
 .text.LOS_MemAllocAlign
                0x000000000000195e       0x94 ./LiteOS/kernel/src/mm/los_memory.o
                0x000000000000195e                LOS_MemAllocAlign
 .text.OsMemSystemInit
                0x00000000000019f2       0x3c ./LiteOS/kernel/src/mm/los_memory.o
                0x00000000000019f2                OsMemSystemInit
 .text.LOS_EventInit
                0x0000000000001a2e       0x1c ./LiteOS/kernel/src/los_event.o
                0x0000000000001a2e                LOS_EventInit
 .text.LOS_EventPoll
                0x0000000000001a4a       0x56 ./LiteOS/kernel/src/los_event.o
                0x0000000000001a4a                LOS_EventPoll
 .text.LOS_EventRead
                0x0000000000001aa0       0xfc ./LiteOS/kernel/src/los_event.o
                0x0000000000001aa0                LOS_EventRead
 .text.LOS_EventWrite
                0x0000000000001b9c       0xa8 ./LiteOS/kernel/src/los_event.o
                0x0000000000001b9c                LOS_EventWrite
 .text.LOS_Panic
                0x0000000000001c44       0x2e ./LiteOS/kernel/src/los_init.o
                0x0000000000001c44                LOS_Panic
 .text.LOS_Start
                0x0000000000001c72       0x14 ./LiteOS/kernel/src/los_init.o
                0x0000000000001c72                LOS_Start
 .text.LOS_KernelInit
                0x0000000000001c86       0xc4 ./LiteOS/kernel/src/los_init.o
                0x0000000000001c86                LOS_KernelInit
 .text.OsMuxInit
                0x0000000000001d4a       0x54 ./LiteOS/kernel/src/los_mux.o
                0x0000000000001d4a                OsMuxInit
 .text.OsQueueInit
                0x0000000000001d9e       0x68 ./LiteOS/kernel/src/los_queue.o
                0x0000000000001d9e                OsQueueInit
 .text.LOS_QueueCreate
                0x0000000000001e06       0xd0 ./LiteOS/kernel/src/los_queue.o
                0x0000000000001e06                LOS_QueueCreate
 .text.OsQueueOperate
                0x0000000000001ed6      0x214 ./LiteOS/kernel/src/los_queue.o
                0x0000000000001ed6                OsQueueOperate
 .text.LOS_QueueReadCopy
                0x00000000000020ea       0x64 ./LiteOS/kernel/src/los_queue.o
                0x00000000000020ea                LOS_QueueReadCopy
 .text.LOS_QueueWriteCopy
                0x000000000000214e       0x60 ./LiteOS/kernel/src/los_queue.o
                0x000000000000214e                LOS_QueueWriteCopy
 .text.OsTimeSliceUpdate.part.1
                0x00000000000021ae       0x36 ./LiteOS/kernel/src/los_sched.o
 .text.OsSchedRealSleepTimeSet
                0x00000000000021e4        0xe ./LiteOS/kernel/src/los_sched.o
                0x00000000000021e4                OsSchedRealSleepTimeSet
 .text.OsSchedUpdateSchedTimeBase
                0x00000000000021f2       0x2a ./LiteOS/kernel/src/los_sched.o
                0x00000000000021f2                OsSchedUpdateSchedTimeBase
 .text.OsSchedTimerBaseReset
                0x000000000000221c       0x60 ./LiteOS/kernel/src/los_sched.o
                0x000000000000221c                OsSchedTimerBaseReset
 .text.OsGetCurrSchedTimeCycle
                0x000000000000227c       0xc8 ./LiteOS/kernel/src/los_sched.o
                0x000000000000227c                OsGetCurrSchedTimeCycle
 .text.OsSchedSetNextExpireTime
                0x0000000000002344      0x10c ./LiteOS/kernel/src/los_sched.o
 .text.OsSchedUpdateExpireTime
                0x0000000000002450       0x74 ./LiteOS/kernel/src/los_sched.o
                0x0000000000002450                OsSchedUpdateExpireTime
 .text.OsSchedTaskEnQueue
                0x00000000000024c4       0xf8 ./LiteOS/kernel/src/los_sched.o
                0x00000000000024c4                OsSchedTaskEnQueue
 .text.OsSchedTaskDeQueue
                0x00000000000025bc       0x54 ./LiteOS/kernel/src/los_sched.o
                0x00000000000025bc                OsSchedTaskDeQueue
 .text.OsSchedTaskExit
                0x0000000000002610       0x48 ./LiteOS/kernel/src/los_sched.o
                0x0000000000002610                OsSchedTaskExit
 .text.OsSchedYield
                0x0000000000002658        0xa ./LiteOS/kernel/src/los_sched.o
                0x0000000000002658                OsSchedYield
 .text.OsSchedDelay
                0x0000000000002662        0xc ./LiteOS/kernel/src/los_sched.o
                0x0000000000002662                OsSchedDelay
 .text.OsSchedTaskWait
                0x000000000000266e       0x2c ./LiteOS/kernel/src/los_sched.o
                0x000000000000266e                OsSchedTaskWait
 .text.OsSchedTaskWake
                0x000000000000269a       0x42 ./LiteOS/kernel/src/los_sched.o
                0x000000000000269a                OsSchedTaskWake
 .text.OsSchedSetIdleTaskSchedParam
                0x00000000000026dc        0xc ./LiteOS/kernel/src/los_sched.o
                0x00000000000026dc                OsSchedSetIdleTaskSchedParam
 .text.OsSchedSwtmrScanRegister
                0x00000000000026e8        0xe ./LiteOS/kernel/src/los_sched.o
                0x00000000000026e8                OsSchedSwtmrScanRegister
 .text.OsSchedInit
                0x00000000000026f6       0x40 ./LiteOS/kernel/src/los_sched.o
                0x00000000000026f6                OsSchedInit
 .text.OsGetTopTask
                0x0000000000002736       0x38 ./LiteOS/kernel/src/los_sched.o
                0x0000000000002736                OsGetTopTask
 .text.OsSchedStart
                0x000000000000276e       0x7a ./LiteOS/kernel/src/los_sched.o
                0x000000000000276e                OsSchedStart
 .text.OsSchedTaskSwitch
                0x00000000000027e8       0xe6 ./LiteOS/kernel/src/los_sched.o
                0x00000000000027e8                OsSchedTaskSwitch
 .text.LOS_SchedTickHandler
                0x00000000000028ce      0x142 ./LiteOS/kernel/src/los_sched.o
                0x00000000000028ce                LOS_SchedTickHandler
 .text.LOS_Schedule
                0x0000000000002a10       0x1a ./LiteOS/kernel/src/los_sched.o
                0x0000000000002a10                LOS_Schedule
 .text.OsSemInit
                0x0000000000002a2a       0x5a ./LiteOS/kernel/src/los_sem.o
                0x0000000000002a2a                OsSemInit
 .text.OsGetSortLinkNextExpireTime
                0x0000000000002a84       0x7c ./LiteOS/kernel/src/los_sortlink.o
 .text.OsSortLinkInit
                0x0000000000002b00        0x8 ./LiteOS/kernel/src/los_sortlink.o
                0x0000000000002b00                OsSortLinkInit
 .text.OsDeleteNodeSortLink
                0x0000000000002b08       0x1a ./LiteOS/kernel/src/los_sortlink.o
                0x0000000000002b08                OsDeleteNodeSortLink
 .text.OsAdd2SortLink
                0x0000000000002b22       0xbe ./LiteOS/kernel/src/los_sortlink.o
                0x0000000000002b22                OsAdd2SortLink
 .text.OsDeleteSortLink
                0x0000000000002be0       0x4e ./LiteOS/kernel/src/los_sortlink.o
                0x0000000000002be0                OsDeleteSortLink
 .text.OsGetSortLinkAttribute
                0x0000000000002c2e       0x38 ./LiteOS/kernel/src/los_sortlink.o
                0x0000000000002c2e                OsGetSortLinkAttribute
 .text.OsGetNextExpireTime
                0x0000000000002c66       0x4c ./LiteOS/kernel/src/los_sortlink.o
                0x0000000000002c66                OsGetNextExpireTime
 .text.OsSortLinkGetTargetExpireTime
                0x0000000000002cb2       0x48 ./LiteOS/kernel/src/los_sortlink.o
                0x0000000000002cb2                OsSortLinkGetTargetExpireTime
 .text.OsSwtmrTask
                0x0000000000002cfa       0x84 ./LiteOS/kernel/src/los_swtmr.o
                0x0000000000002cfa                OsSwtmrTask
 .text.OsSwtmrDelete
                0x0000000000002d7e       0x34 ./LiteOS/kernel/src/los_swtmr.o
 .text.OsSwtmrTaskCreate
                0x0000000000002db2       0x3e ./LiteOS/kernel/src/los_swtmr.o
                0x0000000000002db2                OsSwtmrTaskCreate
 .text.OsSwtmrFindAlignPos
                0x0000000000002df0      0x122 ./LiteOS/kernel/src/los_swtmr.o
                0x0000000000002df0                OsSwtmrFindAlignPos
 .text.OsSwtmrStart
                0x0000000000002f12       0x7a ./LiteOS/kernel/src/los_swtmr.o
                0x0000000000002f12                OsSwtmrStart
 .text.OsSwtmrScan
                0x0000000000002f8c       0xa4 ./LiteOS/kernel/src/los_swtmr.o
 .text.OsSwtmrInit
                0x0000000000003030       0xd8 ./LiteOS/kernel/src/los_swtmr.o
                0x0000000000003030                OsSwtmrInit
 .text.OsRecyleFinishedTask
                0x0000000000003108       0x4c ./LiteOS/kernel/src/los_task.o
 .text.OsIdleTask
                0x0000000000003154       0x1a ./LiteOS/kernel/src/los_task.o
                0x0000000000003154                OsIdleTask
 .text.OsPmEnterHandlerSet
                0x000000000000316e        0xe ./LiteOS/kernel/src/los_task.o
                0x000000000000316e                OsPmEnterHandlerSet
 .text.OsTaskInit
                0x000000000000317c       0xc0 ./LiteOS/kernel/src/los_task.o
                0x000000000000317c                OsTaskInit
 .text.OsNewTaskInit
                0x000000000000323c       0x58 ./LiteOS/kernel/src/los_task.o
                0x000000000000323c                OsNewTaskInit
 .text.LOS_TaskCreateOnly
                0x0000000000003294      0x126 ./LiteOS/kernel/src/los_task.o
                0x0000000000003294                LOS_TaskCreateOnly
 .text.OsIdleTaskCreate
                0x00000000000033ba       0x5e ./LiteOS/kernel/src/los_task.o
                0x00000000000033ba                OsIdleTaskCreate
 .text.LOS_TaskCreate
                0x0000000000003418       0x40 ./LiteOS/kernel/src/los_task.o
                0x0000000000003418                LOS_TaskCreate
 .text.LOS_TaskDelete
                0x0000000000003458      0x118 ./LiteOS/kernel/src/los_task.o
                0x0000000000003458                LOS_TaskDelete
 .text.OsTaskEntry
                0x0000000000003570       0x3a ./LiteOS/kernel/src/los_task.o
                0x0000000000003570                OsTaskEntry
 .text.LOS_TaskYield
                0x00000000000035aa       0x22 ./LiteOS/kernel/src/los_task.o
                0x00000000000035aa                LOS_TaskYield
 .text.LOS_TaskDelay
                0x00000000000035cc       0x50 ./LiteOS/kernel/src/los_task.o
                0x00000000000035cc                LOS_TaskDelay
 .text.LOS_TaskLock
                0x000000000000361c       0x1a ./LiteOS/kernel/src/los_task.o
                0x000000000000361c                LOS_TaskLock
 .text.LOS_TaskUnlock
                0x0000000000003636       0x30 ./LiteOS/kernel/src/los_task.o
                0x0000000000003636                LOS_TaskUnlock
 .text.LOS_TaskIsRunning
                0x0000000000003666        0x6 ./LiteOS/kernel/src/los_task.o
                0x0000000000003666                LOS_TaskIsRunning
 .text.OsTickHandler
                0x000000000000366c       0x10 ./LiteOS/kernel/src/los_tick.o
                0x000000000000366c                OsTickHandler
 .text.LOS_TickCountGet
                0x000000000000367c       0x22 ./LiteOS/kernel/src/los_tick.o
                0x000000000000367c                LOS_TickCountGet
 .text.HalSysExit
                0x000000000000369e        0xa ./LiteOS/kernel/arch/risc-v/V4A/gcc/los_context.o
                0x000000000000369e                HalSysExit
 .text.HalArchInit
                0x00000000000036a8        0xa ./LiteOS/kernel/arch/risc-v/V4A/gcc/los_context.o
                0x00000000000036a8                HalArchInit
 .text.HalTskStackInit
                0x00000000000036b2       0x52 ./LiteOS/kernel/arch/risc-v/V4A/gcc/los_context.o
                0x00000000000036b2                HalTskStackInit
 .text.HalStartSchedule
                0x0000000000003704       0x24 ./LiteOS/kernel/arch/risc-v/V4A/gcc/los_context.o
                0x0000000000003704                HalStartSchedule
 .text.HalTaskSchedule
                0x0000000000003728        0xc ./LiteOS/kernel/arch/risc-v/V4A/gcc/los_context.o
                0x0000000000003728                HalTaskSchedule
 .text.HalTaskSwitch
                0x0000000000003734       0x16 ./LiteOS/kernel/arch/risc-v/V4A/gcc/los_context.o
                0x0000000000003734                HalTaskSwitch
 *fill*         0x000000000000374a        0x2 
 .text.vector_handler
                0x000000000000374c       0xba ./LiteOS/kernel/arch/risc-v/V4A/gcc/los_dispatch.o
                0x000000000000374c                SW_Handler
 .text.HalHwiInit
                0x0000000000003806        0x2 ./LiteOS/kernel/arch/risc-v/V4A/gcc/los_interrupt.o
                0x0000000000003806                HalHwiInit
 .text.HalIntEnter
                0x0000000000003808        0xc ./LiteOS/kernel/arch/risc-v/V4A/gcc/los_interrupt.o
                0x0000000000003808                HalIntEnter
 .text.HalIsIntActive
                0x0000000000003814        0xa ./LiteOS/kernel/arch/risc-v/V4A/gcc/los_interrupt.o
                0x0000000000003814                HalIsIntActive
 .text.HalTickStart
                0x000000000000381e       0x5e ./LiteOS/kernel/arch/risc-v/V4A/gcc/los_timer.o
                0x000000000000381e                HalTickStart
 .text.SysTick_Handler
                0x000000000000387c        0xc ./LiteOS/kernel/arch/risc-v/V4A/gcc/los_timer.o
                0x000000000000387c                SysTick_Handler
 .text.HalSysTickReload
                0x0000000000003888       0x3a ./LiteOS/kernel/arch/risc-v/V4A/gcc/los_timer.o
                0x0000000000003888                HalSysTickReload
 .text.HalGetTickCycle
                0x00000000000038c2       0x26 ./LiteOS/kernel/arch/risc-v/V4A/gcc/los_timer.o
                0x00000000000038c2                HalGetTickCycle
 .text.HalEnterSleep
                0x00000000000038e8       0x16 ./LiteOS/kernel/arch/risc-v/V4A/gcc/los_timer.o
                0x00000000000038e8                HalEnterSleep
 .text.OsPmSleepTimeSet
                0x00000000000038fe        0xa ./LiteOS/components/power/los_pm.o
 .text.OsPmEnter
                0x0000000000003908      0x394 ./LiteOS/components/power/los_pm.o
 .text.LOS_PmRegister
                0x0000000000003c9c       0x76 ./LiteOS/components/power/los_pm.o
                0x0000000000003c9c                LOS_PmRegister
 .text.OsPmInit
                0x0000000000003d12       0x90 ./LiteOS/components/power/los_pm.o
                0x0000000000003d12                OsPmInit
 .text.EPD_Init
                0x0000000000003da2       0x42 ./Device/EPD.o
                0x0000000000003da2                EPD_Init
 .text.EPD_Init_Fast
                0x0000000000003de4       0x40 ./Device/EPD.o
                0x0000000000003de4                EPD_Init_Fast
 .text.EPD_Sleep
                0x0000000000003e24       0x1c ./Device/EPD.o
                0x0000000000003e24                EPD_Sleep
 .text.EPD_Update
                0x0000000000003e40       0x12 ./Device/EPD.o
                0x0000000000003e40                EPD_Update
 .text.EPD_DisplayImage
                0x0000000000003e52       0x5e ./Device/EPD.o
                0x0000000000003e52                EPD_DisplayImage
 .text.EPD_DisplayImage_Paragraph
                0x0000000000003eb0       0x5a ./Device/EPD.o
                0x0000000000003eb0                EPD_DisplayImage_Paragraph
 .text.EPD_SPI_Init
                0x0000000000003f0a       0x56 ./Device/EPD_SPI.o
                0x0000000000003f0a                EPD_SPI_Init
 .text.EPD_Write
                0x0000000000003f60       0x52 ./Device/EPD_SPI.o
                0x0000000000003f60                EPD_Write
 .text.EPD_WriteCMD
                0x0000000000003fb2       0x38 ./Device/EPD_SPI.o
                0x0000000000003fb2                EPD_WriteCMD
 .text.EPD_WriteDATA
                0x0000000000003fea       0x38 ./Device/EPD_SPI.o
                0x0000000000003fea                EPD_WriteDATA
 .text.EPD_CheckBusy
                0x0000000000004022       0x1e ./Device/EPD_SPI.o
                0x0000000000004022                EPD_CheckBusy
 .text.EPD_Delay
                0x0000000000004040       0x2c ./Device/EPD_SPI.o
                0x0000000000004040                EPD_Delay
 .text.ESP8266_Delay
                0x000000000000406c       0x2c ./Device/ESP8266.o
                0x000000000000406c                ESP8266_Delay
 .text.WIFI_SendCMD
                0x0000000000004098       0xcc ./Device/ESP8266.o
                0x0000000000004098                WIFI_SendCMD
 .text.WIFI_Init
                0x0000000000004164      0x160 ./Device/ESP8266.o
                0x0000000000004164                WIFI_Init
 .text.WIFI_SetTxMode
                0x00000000000042c4       0x60 ./Device/ESP8266.o
                0x00000000000042c4                WIFI_SetTxMode
 .text.WIFI_LinkSSID
                0x0000000000004324       0x3c ./Device/ESP8266.o
                0x0000000000004324                WIFI_LinkSSID
 .text.WIFI_CheckIP
                0x0000000000004360       0x98 ./Device/ESP8266.o
                0x0000000000004360                WIFI_CheckIP
 .text.WIFI_CheckPort
                0x00000000000043f8       0x38 ./Device/ESP8266.o
                0x00000000000043f8                WIFI_CheckPort
 .text.WIFI_TCPConnect
                0x0000000000004430       0x6a ./Device/ESP8266.o
                0x0000000000004430                WIFI_TCPConnect
 .text.WIFI_CMD_ReturnCheck
                0x000000000000449a       0x4a ./Device/ESP8266.o
                0x000000000000449a                WIFI_CMD_ReturnCheck
 .text.Paint_NewImage
                0x00000000000044e4       0x4e ./Device/GUI_Paint.o
                0x00000000000044e4                Paint_NewImage
 .text.Paint_SelectImage
                0x0000000000004532        0xa ./Device/GUI_Paint.o
                0x0000000000004532                Paint_SelectImage
 .text.Paint_SetScale
                0x000000000000453c       0x60 ./Device/GUI_Paint.o
                0x000000000000453c                Paint_SetScale
 .text.Paint_SetPixel
                0x000000000000459c      0x176 ./Device/GUI_Paint.o
                0x000000000000459c                Paint_SetPixel
 .text.Paint_Clear
                0x0000000000004712       0xce ./Device/GUI_Paint.o
                0x0000000000004712                Paint_Clear
 .text.Paint_DrawPoint
                0x00000000000047e0       0xfa ./Device/GUI_Paint.o
                0x00000000000047e0                Paint_DrawPoint
 .text.Paint_DrawLine
                0x00000000000048da       0xde ./Device/GUI_Paint.o
                0x00000000000048da                Paint_DrawLine
 .text.Paint_DrawRectangle
                0x00000000000049b8       0x90 ./Device/GUI_Paint.o
                0x00000000000049b8                Paint_DrawRectangle
 .text.Paint_DrawString_CN
                0x0000000000004a48      0x174 ./Device/GUI_Paint.o
                0x0000000000004a48                Paint_DrawString_CN
 .text.Delay_Init
                0x0000000000004bbc       0x2a ./Debug/debug.o
                0x0000000000004bbc                Delay_Init
 .text.USART_Printf_Init
                0x0000000000004be6       0x5a ./Debug/debug.o
                0x0000000000004be6                USART_Printf_Init
 .text._write   0x0000000000004c40       0x3e ./Debug/debug.o
                0x0000000000004c40                _write
 .text._sbrk    0x0000000000004c7e       0x2a ./Debug/debug.o
                0x0000000000004c7e                _sbrk
 .text.__get_MEPC
                0x0000000000004ca8        0x6 ./Core/core_riscv.o
                0x0000000000004ca8                __get_MEPC
 .text.__get_MCAUSE
                0x0000000000004cae        0x6 ./Core/core_riscv.o
                0x0000000000004cae                __get_MCAUSE
 .text.__get_MTVAL
                0x0000000000004cb4        0x6 ./Core/core_riscv.o
                0x0000000000004cb4                __get_MTVAL
 .text.__clzsi2
                0x0000000000004cba       0x6e f:/mounriver_studio/toolchain/risc-v embedded gcc/bin/../lib/gcc/riscv-none-embed/8.2.0/rv32imacxw/ilp32\libgcc.a(_clzsi2.o)
                0x0000000000004cba                __clzsi2
 .text.__udivdi3
                0x0000000000004d28      0x392 f:/mounriver_studio/toolchain/risc-v embedded gcc/bin/../lib/gcc/riscv-none-embed/8.2.0/rv32imacxw/ilp32\libgcc.a(_udivdi3.o)
                0x0000000000004d28                __udivdi3
 .text.__umoddi3
                0x00000000000050ba      0x38a f:/mounriver_studio/toolchain/risc-v embedded gcc/bin/../lib/gcc/riscv-none-embed/8.2.0/rv32imacxw/ilp32\libgcc.a(_umoddi3.o)
                0x00000000000050ba                __umoddi3
 .text.std      0x0000000000005444       0x66 f:/mounriver_studio/toolchain/risc-v embedded gcc/bin/../lib/gcc/riscv-none-embed/8.2.0/../../../../riscv-none-embed/lib/rv32imacxw/ilp32\libg_nano.a(lib_a-findfp.o)
 .text._cleanup_r
                0x00000000000054aa        0xa f:/mounriver_studio/toolchain/risc-v embedded gcc/bin/../lib/gcc/riscv-none-embed/8.2.0/../../../../riscv-none-embed/lib/rv32imacxw/ilp32\libg_nano.a(lib_a-findfp.o)
                0x00000000000054aa                _cleanup_r
 .text.__sfmoreglue
                0x00000000000054b4       0x46 f:/mounriver_studio/toolchain/risc-v embedded gcc/bin/../lib/gcc/riscv-none-embed/8.2.0/../../../../riscv-none-embed/lib/rv32imacxw/ilp32\libg_nano.a(lib_a-findfp.o)
                0x00000000000054b4                __sfmoreglue
 .text.__sinit  0x00000000000054fa       0x6c f:/mounriver_studio/toolchain/risc-v embedded gcc/bin/../lib/gcc/riscv-none-embed/8.2.0/../../../../riscv-none-embed/lib/rv32imacxw/ilp32\libg_nano.a(lib_a-findfp.o)
                0x00000000000054fa                __sinit
 .text.__sfp    0x0000000000005566       0xa0 f:/mounriver_studio/toolchain/risc-v embedded gcc/bin/../lib/gcc/riscv-none-embed/8.2.0/../../../../riscv-none-embed/lib/rv32imacxw/ilp32\libg_nano.a(lib_a-findfp.o)
                0x0000000000005566                __sfp
 .text._fwalk_reent
                0x0000000000005606       0x6a f:/mounriver_studio/toolchain/risc-v embedded gcc/bin/../lib/gcc/riscv-none-embed/8.2.0/../../../../riscv-none-embed/lib/rv32imacxw/ilp32\libg_nano.a(lib_a-fwalk.o)
                0x0000000000005606                _fwalk_reent
 .text.__swhatbuf_r
                0x0000000000005670       0x58 f:/mounriver_studio/toolchain/risc-v embedded gcc/bin/../lib/gcc/riscv-none-embed/8.2.0/../../../../riscv-none-embed/lib/rv32imacxw/ilp32\libg_nano.a(lib_a-makebuf.o)
                0x0000000000005670                __swhatbuf_r
 .text.__smakebuf_r
                0x00000000000056c8       0x92 f:/mounriver_studio/toolchain/risc-v embedded gcc/bin/../lib/gcc/riscv-none-embed/8.2.0/../../../../riscv-none-embed/lib/rv32imacxw/ilp32\libg_nano.a(lib_a-makebuf.o)
                0x00000000000056c8                __smakebuf_r
 .text.malloc   0x000000000000575a        0xa f:/mounriver_studio/toolchain/risc-v embedded gcc/bin/../lib/gcc/riscv-none-embed/8.2.0/../../../../riscv-none-embed/lib/rv32imacxw/ilp32\libg_nano.a(lib_a-malloc.o)
                0x000000000000575a                malloc
 .text.free     0x0000000000005764        0xa f:/mounriver_studio/toolchain/risc-v embedded gcc/bin/../lib/gcc/riscv-none-embed/8.2.0/../../../../riscv-none-embed/lib/rv32imacxw/ilp32\libg_nano.a(lib_a-malloc.o)
                0x0000000000005764                free
 .text.memchr   0x000000000000576e       0x18 f:/mounriver_studio/toolchain/risc-v embedded gcc/bin/../lib/gcc/riscv-none-embed/8.2.0/../../../../riscv-none-embed/lib/rv32imacxw/ilp32\libg_nano.a(lib_a-memchr.o)
                0x000000000000576e                memchr
 .text.memcpy   0x0000000000005786       0xb2 f:/mounriver_studio/toolchain/risc-v embedded gcc/bin/../lib/gcc/riscv-none-embed/8.2.0/../../../../riscv-none-embed/lib/rv32imacxw/ilp32\libg_nano.a(lib_a-memcpy.o)
                0x0000000000005786                memcpy
 .text.memmove  0x0000000000005838       0x46 f:/mounriver_studio/toolchain/risc-v embedded gcc/bin/../lib/gcc/riscv-none-embed/8.2.0/../../../../riscv-none-embed/lib/rv32imacxw/ilp32\libg_nano.a(lib_a-memmove.o)
                0x0000000000005838                memmove
 .text._free_r  0x000000000000587e       0xa8 f:/mounriver_studio/toolchain/risc-v embedded gcc/bin/../lib/gcc/riscv-none-embed/8.2.0/../../../../riscv-none-embed/lib/rv32imacxw/ilp32\libg_nano.a(lib_a-nano-freer.o)
                0x000000000000587e                _free_r
 .text._malloc_r
                0x0000000000005926       0xd2 f:/mounriver_studio/toolchain/risc-v embedded gcc/bin/../lib/gcc/riscv-none-embed/8.2.0/../../../../riscv-none-embed/lib/rv32imacxw/ilp32\libg_nano.a(lib_a-nano-mallocr.o)
                0x0000000000005926                _malloc_r
 .text.printf   0x00000000000059f8       0x42 f:/mounriver_studio/toolchain/risc-v embedded gcc/bin/../lib/gcc/riscv-none-embed/8.2.0/../../../../riscv-none-embed/lib/rv32imacxw/ilp32\libg_nano.a(lib_a-printf.o)
                0x00000000000059f8                iprintf
                0x00000000000059f8                printf
 .text._puts_r  0x0000000000005a3a       0xd8 f:/mounriver_studio/toolchain/risc-v embedded gcc/bin/../lib/gcc/riscv-none-embed/8.2.0/../../../../riscv-none-embed/lib/rv32imacxw/ilp32\libg_nano.a(lib_a-puts.o)
                0x0000000000005a3a                _puts_r
 .text.puts     0x0000000000005b12        0xc f:/mounriver_studio/toolchain/risc-v embedded gcc/bin/../lib/gcc/riscv-none-embed/8.2.0/../../../../riscv-none-embed/lib/rv32imacxw/ilp32\libg_nano.a(lib_a-puts.o)
                0x0000000000005b12                puts
 .text._sbrk_r  0x0000000000005b1e       0x32 f:/mounriver_studio/toolchain/risc-v embedded gcc/bin/../lib/gcc/riscv-none-embed/8.2.0/../../../../riscv-none-embed/lib/rv32imacxw/ilp32\libg_nano.a(lib_a-sbrkr.o)
                0x0000000000005b1e                _sbrk_r
 .text.sprintf  0x0000000000005b50       0x44 f:/mounriver_studio/toolchain/risc-v embedded gcc/bin/../lib/gcc/riscv-none-embed/8.2.0/../../../../riscv-none-embed/lib/rv32imacxw/ilp32\libg_nano.a(lib_a-sprintf.o)
                0x0000000000005b50                siprintf
                0x0000000000005b50                sprintf
 .text.__sread  0x0000000000005b94       0x2e f:/mounriver_studio/toolchain/risc-v embedded gcc/bin/../lib/gcc/riscv-none-embed/8.2.0/../../../../riscv-none-embed/lib/rv32imacxw/ilp32\libg_nano.a(lib_a-stdio.o)
                0x0000000000005b94                __sread
 .text.__swrite
                0x0000000000005bc2       0x48 f:/mounriver_studio/toolchain/risc-v embedded gcc/bin/../lib/gcc/riscv-none-embed/8.2.0/../../../../riscv-none-embed/lib/rv32imacxw/ilp32\libg_nano.a(lib_a-stdio.o)
                0x0000000000005bc2                __swrite
 .text.__sseek  0x0000000000005c0a       0x30 f:/mounriver_studio/toolchain/risc-v embedded gcc/bin/../lib/gcc/riscv-none-embed/8.2.0/../../../../riscv-none-embed/lib/rv32imacxw/ilp32\libg_nano.a(lib_a-stdio.o)
                0x0000000000005c0a                __sseek
 .text.__sclose
                0x0000000000005c3a        0x6 f:/mounriver_studio/toolchain/risc-v embedded gcc/bin/../lib/gcc/riscv-none-embed/8.2.0/../../../../riscv-none-embed/lib/rv32imacxw/ilp32\libg_nano.a(lib_a-stdio.o)
                0x0000000000005c3a                __sclose
 .text.strstr   0x0000000000005c40       0x34 f:/mounriver_studio/toolchain/risc-v embedded gcc/bin/../lib/gcc/riscv-none-embed/8.2.0/../../../../riscv-none-embed/lib/rv32imacxw/ilp32\libg_nano.a(lib_a-strstr.o)
                0x0000000000005c40                strstr
 .text.__swbuf_r
                0x0000000000005c74       0xbe f:/mounriver_studio/toolchain/risc-v embedded gcc/bin/../lib/gcc/riscv-none-embed/8.2.0/../../../../riscv-none-embed/lib/rv32imacxw/ilp32\libg_nano.a(lib_a-wbuf.o)
                0x0000000000005c74                __swbuf_r
 .text._write_r
                0x0000000000005d32       0x36 f:/mounriver_studio/toolchain/risc-v embedded gcc/bin/../lib/gcc/riscv-none-embed/8.2.0/../../../../riscv-none-embed/lib/rv32imacxw/ilp32\libg_nano.a(lib_a-writer.o)
                0x0000000000005d32                _write_r
 .text.__swsetup_r
                0x0000000000005d68      0x102 f:/mounriver_studio/toolchain/risc-v embedded gcc/bin/../lib/gcc/riscv-none-embed/8.2.0/../../../../riscv-none-embed/lib/rv32imacxw/ilp32\libg_nano.a(lib_a-wsetup.o)
                0x0000000000005d68                __swsetup_r
 .text._close_r
                0x0000000000005e6a       0x32 f:/mounriver_studio/toolchain/risc-v embedded gcc/bin/../lib/gcc/riscv-none-embed/8.2.0/../../../../riscv-none-embed/lib/rv32imacxw/ilp32\libg_nano.a(lib_a-closer.o)
                0x0000000000005e6a                _close_r
 .text.__sflush_r
                0x0000000000005e9c      0x132 f:/mounriver_studio/toolchain/risc-v embedded gcc/bin/../lib/gcc/riscv-none-embed/8.2.0/../../../../riscv-none-embed/lib/rv32imacxw/ilp32\libg_nano.a(lib_a-fflush.o)
                0x0000000000005e9c                __sflush_r
 .text._fflush_r
                0x0000000000005fce       0x68 f:/mounriver_studio/toolchain/risc-v embedded gcc/bin/../lib/gcc/riscv-none-embed/8.2.0/../../../../riscv-none-embed/lib/rv32imacxw/ilp32\libg_nano.a(lib_a-fflush.o)
                0x0000000000005fce                _fflush_r
 .text._fstat_r
                0x0000000000006036       0x34 f:/mounriver_studio/toolchain/risc-v embedded gcc/bin/../lib/gcc/riscv-none-embed/8.2.0/../../../../riscv-none-embed/lib/rv32imacxw/ilp32\libg_nano.a(lib_a-fstatr.o)
                0x0000000000006036                _fstat_r
 .text._isatty_r
                0x000000000000606a       0x32 f:/mounriver_studio/toolchain/risc-v embedded gcc/bin/../lib/gcc/riscv-none-embed/8.2.0/../../../../riscv-none-embed/lib/rv32imacxw/ilp32\libg_nano.a(lib_a-isattyr.o)
                0x000000000000606a                _isatty_r
 .text._lseek_r
                0x000000000000609c       0x36 f:/mounriver_studio/toolchain/risc-v embedded gcc/bin/../lib/gcc/riscv-none-embed/8.2.0/../../../../riscv-none-embed/lib/rv32imacxw/ilp32\libg_nano.a(lib_a-lseekr.o)
                0x000000000000609c                _lseek_r
 .text.__malloc_lock
                0x00000000000060d2        0x2 f:/mounriver_studio/toolchain/risc-v embedded gcc/bin/../lib/gcc/riscv-none-embed/8.2.0/../../../../riscv-none-embed/lib/rv32imacxw/ilp32\libg_nano.a(lib_a-mlock.o)
                0x00000000000060d2                __malloc_lock
 .text.__malloc_unlock
                0x00000000000060d4        0x2 f:/mounriver_studio/toolchain/risc-v embedded gcc/bin/../lib/gcc/riscv-none-embed/8.2.0/../../../../riscv-none-embed/lib/rv32imacxw/ilp32\libg_nano.a(lib_a-mlock.o)
                0x00000000000060d4                __malloc_unlock
 .text._realloc_r
                0x00000000000060d6       0x5a f:/mounriver_studio/toolchain/risc-v embedded gcc/bin/../lib/gcc/riscv-none-embed/8.2.0/../../../../riscv-none-embed/lib/rv32imacxw/ilp32\libg_nano.a(lib_a-nano-reallocr.o)
                0x00000000000060d6                _realloc_r
 .text.__ssputs_r
                0x0000000000006130       0xe4 f:/mounriver_studio/toolchain/risc-v embedded gcc/bin/../lib/gcc/riscv-none-embed/8.2.0/../../../../riscv-none-embed/lib/rv32imacxw/ilp32\libg_nano.a(lib_a-nano-svfprintf.o)
                0x0000000000006130                __ssputs_r
 .text._svfprintf_r
                0x0000000000006214      0x26a f:/mounriver_studio/toolchain/risc-v embedded gcc/bin/../lib/gcc/riscv-none-embed/8.2.0/../../../../riscv-none-embed/lib/rv32imacxw/ilp32\libg_nano.a(lib_a-nano-svfprintf.o)
                0x0000000000006214                _svfiprintf_r
                0x0000000000006214                _svfprintf_r
 .text.__sfputc_r
                0x000000000000647e       0x28 f:/mounriver_studio/toolchain/risc-v embedded gcc/bin/../lib/gcc/riscv-none-embed/8.2.0/../../../../riscv-none-embed/lib/rv32imacxw/ilp32\libg_nano.a(lib_a-nano-vfprintf.o)
 .text.__sfputs_r
                0x00000000000064a6       0x42 f:/mounriver_studio/toolchain/risc-v embedded gcc/bin/../lib/gcc/riscv-none-embed/8.2.0/../../../../riscv-none-embed/lib/rv32imacxw/ilp32\libg_nano.a(lib_a-nano-vfprintf.o)
                0x00000000000064a6                __sfputs_r
 .text._vfprintf_r
                0x00000000000064e8      0x28e f:/mounriver_studio/toolchain/risc-v embedded gcc/bin/../lib/gcc/riscv-none-embed/8.2.0/../../../../riscv-none-embed/lib/rv32imacxw/ilp32\libg_nano.a(lib_a-nano-vfprintf.o)
                0x00000000000064e8                _vfprintf_r
                0x00000000000064e8                _vfiprintf_r
 .text._printf_common
                0x0000000000006776      0x10c f:/mounriver_studio/toolchain/risc-v embedded gcc/bin/../lib/gcc/riscv-none-embed/8.2.0/../../../../riscv-none-embed/lib/rv32imacxw/ilp32\libg_nano.a(lib_a-nano-vfprintf_i.o)
                0x0000000000006776                _printf_common
 .text._printf_i
                0x0000000000006882      0x2a4 f:/mounriver_studio/toolchain/risc-v embedded gcc/bin/../lib/gcc/riscv-none-embed/8.2.0/../../../../riscv-none-embed/lib/rv32imacxw/ilp32\libg_nano.a(lib_a-nano-vfprintf_i.o)
                0x0000000000006882                _printf_i
 .text._read_r  0x0000000000006b26       0x34 f:/mounriver_studio/toolchain/risc-v embedded gcc/bin/../lib/gcc/riscv-none-embed/8.2.0/../../../../riscv-none-embed/lib/rv32imacxw/ilp32\libg_nano.a(lib_a-readr.o)
                0x0000000000006b26                _read_r
 .text._malloc_usable_size_r
                0x0000000000006b5a       0x14 f:/mounriver_studio/toolchain/risc-v embedded gcc/bin/../lib/gcc/riscv-none-embed/8.2.0/../../../../riscv-none-embed/lib/rv32imacxw/ilp32\libg_nano.a(lib_a-nano-msizer.o)
                0x0000000000006b5a                _malloc_usable_size_r
 .text._close   0x0000000000006b6e       0x10 f:/mounriver_studio/toolchain/risc-v embedded gcc/bin/../lib/gcc/riscv-none-embed/8.2.0/../../../../riscv-none-embed/lib/rv32imacxw/ilp32\libnosys.a(close.o)
                0x0000000000006b6e                _close
 .text._fstat   0x0000000000006b7e       0x10 f:/mounriver_studio/toolchain/risc-v embedded gcc/bin/../lib/gcc/riscv-none-embed/8.2.0/../../../../riscv-none-embed/lib/rv32imacxw/ilp32\libnosys.a(fstat.o)
                0x0000000000006b7e                _fstat
 .text._isatty  0x0000000000006b8e       0x10 f:/mounriver_studio/toolchain/risc-v embedded gcc/bin/../lib/gcc/riscv-none-embed/8.2.0/../../../../riscv-none-embed/lib/rv32imacxw/ilp32\libnosys.a(isatty.o)
                0x0000000000006b8e                _isatty
 .text._lseek   0x0000000000006b9e       0x10 f:/mounriver_studio/toolchain/risc-v embedded gcc/bin/../lib/gcc/riscv-none-embed/8.2.0/../../../../riscv-none-embed/lib/rv32imacxw/ilp32\libnosys.a(lseek.o)
                0x0000000000006b9e                _lseek
 .text._read    0x0000000000006bae       0x10 f:/mounriver_studio/toolchain/risc-v embedded gcc/bin/../lib/gcc/riscv-none-embed/8.2.0/../../../../riscv-none-embed/lib/rv32imacxw/ilp32\libnosys.a(read.o)
                0x0000000000006bae                _read
 *(.rodata)
 *(.rodata*)
 *fill*         0x0000000000006bbe        0x2 
 .rodata.recDataProcessing
                0x0000000000006bc0       0x24 ./User/ch32v30x_it.o
 .rodata.HardFault_Handler.str1.4
                0x0000000000006be4       0x2c ./User/ch32v30x_it.o
 .rodata.recDataProcessing.str1.4
                0x0000000000006c10      0x12e ./User/ch32v30x_it.o
 *fill*         0x0000000000006d3e        0x2 
 .rodata.main.str1.4
                0x0000000000006d40       0x1e ./User/main.o
 *fill*         0x0000000000006d5e        0x2 
 .rodata.taskSample.str1.4
                0x0000000000006d60       0x86 ./User/main.o
 *fill*         0x0000000000006de6        0x2 
 .rodata.Display_First.str1.4
                0x0000000000006de8       0x13 ./User/thread_Eink.o
 *fill*         0x0000000000006dfb        0x1 
 .rodata.thread_Eink_Start.str1.4
                0x0000000000006dfc       0x5b ./User/thread_Eink.o
 *fill*         0x0000000000006e57        0x1 
 .rodata.ProcessFrame.str1.4
                0x0000000000006e58       0x1b ./User/thread_WiFi.o
 *fill*         0x0000000000006e73        0x1 
 .rodata.ProcessImageData.str1.4
                0x0000000000006e74       0x69 ./User/thread_WiFi.o
 *fill*         0x0000000000006edd        0x3 
 .rodata.thread_WIFI_Start.str1.4
                0x0000000000006ee0       0x95 ./User/thread_WiFi.o
 *fill*         0x0000000000006f75        0x3 
 .rodata.OsLogLevelCheck.str1.4
                0x0000000000006f78        0x9 ./LiteOS/utils/los_debug.o
 *fill*         0x0000000000006f81        0x3 
 .rodata.LOS_MemInfoGet.str1.4
                0x0000000000006f84       0x48 ./LiteOS/kernel/src/mm/los_memory.o
 .rodata.LOS_MemInit.str1.4
                0x0000000000006fcc       0x60 ./LiteOS/kernel/src/mm/los_memory.o
 .rodata.OsGetRealPtr.str1.4
                0x000000000000702c       0x1b ./LiteOS/kernel/src/mm/los_memory.o
 *fill*         0x0000000000007047        0x1 
 .rodata.OsMemAlloc.str1.4
                0x0000000000007048      0x1ff ./LiteOS/kernel/src/mm/los_memory.o
 *fill*         0x0000000000007247        0x1 
 .rodata.OsMemFree.str1.4
                0x0000000000007248       0x17 ./LiteOS/kernel/src/mm/los_memory.o
 *fill*         0x000000000000725f        0x1 
 .rodata.OsMemFreeNodeAdd.str1.4
                0x0000000000007260       0x2e ./LiteOS/kernel/src/mm/los_memory.o
 *fill*         0x000000000000728e        0x2 
 .rodata.OsMemSlGet.str1.4
                0x0000000000007290       0x2d ./LiteOS/kernel/src/mm/los_memory.o
 *fill*         0x00000000000072bd        0x3 
 .rodata.OsMemSystemInit.str1.4
                0x00000000000072c0       0x2b ./LiteOS/kernel/src/mm/los_memory.o
 *fill*         0x00000000000072eb        0x1 
 .rodata.__FUNCTION__.6871
                0x00000000000072ec        0xb ./LiteOS/kernel/src/mm/los_memory.o
 *fill*         0x00000000000072f7        0x1 
 .rodata.__FUNCTION__.6928
                0x00000000000072f8        0xd ./LiteOS/kernel/src/mm/los_memory.o
 *fill*         0x0000000000007305        0x3 
 .rodata.LOS_KernelInit.str1.4
                0x0000000000007308       0x80 ./LiteOS/kernel/src/los_init.o
 .rodata.OsQueueOperate.str1.4
                0x0000000000007388       0x43 ./LiteOS/kernel/src/los_queue.o
 *fill*         0x00000000000073cb        0x1 
 .rodata.__FUNCTION__.6854
                0x00000000000073cc       0x15 ./LiteOS/kernel/src/los_queue.o
 *fill*         0x00000000000073e1        0x3 
 .rodata.OsSchedStart.str1.4
                0x00000000000073e4       0x13 ./LiteOS/kernel/src/los_sched.o
 *fill*         0x00000000000073f7        0x1 
 .rodata.OsTimeSliceUpdate.part.1.str1.4
                0x00000000000073f8       0x3e ./LiteOS/kernel/src/los_sched.o
 *fill*         0x0000000000007436        0x2 
 .rodata.__func__.5960
                0x0000000000007438       0x16 ./LiteOS/kernel/src/los_sched.o
 *fill*         0x000000000000744e        0x2 
 .rodata.__func__.5970
                0x0000000000007450       0x18 ./LiteOS/kernel/src/los_sched.o
 .rodata.__func__.5976
                0x0000000000007468       0x12 ./LiteOS/kernel/src/los_sched.o
 *fill*         0x000000000000747a        0x2 
 .rodata.__func__.6027
                0x000000000000747c       0x13 ./LiteOS/kernel/src/los_sched.o
 *fill*         0x000000000000748f        0x1 
 .rodata.__func__.6100
                0x0000000000007490       0x15 ./LiteOS/kernel/src/los_sched.o
 *fill*         0x00000000000074a5        0x3 
 .rodata.OsAdd2SortLink.str1.4
                0x00000000000074a8       0x1b ./LiteOS/kernel/src/los_sortlink.o
 *fill*         0x00000000000074c3        0x1 
 .rodata.OsGetSortLinkAttribute.str1.4
                0x00000000000074c4       0x18 ./LiteOS/kernel/src/los_sortlink.o
 .rodata.OsSwtmrTask.str1.4
                0x00000000000074dc       0x28 ./LiteOS/kernel/src/los_swtmr.o
 .rodata.OsSwtmrTaskCreate.str1.4
                0x0000000000007504        0x9 ./LiteOS/kernel/src/los_swtmr.o
 *fill*         0x000000000000750d        0x3 
 .rodata.LOS_TaskDelete.str1.4
                0x0000000000007510       0x37 ./LiteOS/kernel/src/los_task.o
 *fill*         0x0000000000007547        0x1 
 .rodata.OsIdleTaskCreate.str1.4
                0x0000000000007548        0xc ./LiteOS/kernel/src/los_task.o
 .rodata.OsTaskEntry.str1.4
                0x0000000000007554       0x1e ./LiteOS/kernel/src/los_task.o
 *fill*         0x0000000000007572        0x2 
 .rodata.OsPmEnter.str1.4
                0x0000000000007574       0x24 ./LiteOS/components/power/los_pm.o
                                         0x3e (size before relaxing)
 .rodata.__func__.6737
                0x0000000000007598        0xf ./LiteOS/components/power/los_pm.o
 *fill*         0x00000000000075a7        0x1 
 .rodata.Font24CN_Table
                0x00000000000075a8      0x538 ./Fonts/font24CN.o
                0x00000000000075a8                Font24CN_Table
 .rodata.WIFI_CMD_ReturnCheck.str1.4
                0x0000000000007ae0       0x11 ./Device/ESP8266.o
 *fill*         0x0000000000007af1        0x3 
 .rodata.WIFI_Init.str1.4
                0x0000000000007af4       0x9e ./Device/ESP8266.o
 *fill*         0x0000000000007b92        0x2 
 .rodata.WIFI_LinkSSID.str1.4
                0x0000000000007b94       0x1f ./Device/ESP8266.o
 *fill*         0x0000000000007bb3        0x1 
 .rodata.WIFI_SendCMD.str1.4
                0x0000000000007bb4       0xba ./Device/ESP8266.o
 *fill*         0x0000000000007c6e        0x2 
 .rodata.WIFI_SetTxMode.str1.4
                0x0000000000007c70       0x17 ./Device/ESP8266.o
                                         0x1d (size before relaxing)
 *fill*         0x0000000000007c87        0x1 
 .rodata.WIFI_TCPConnect.str1.4
                0x0000000000007c88       0x3e ./Device/ESP8266.o
 *fill*         0x0000000000007cc6        0x2 
 .rodata.Paint_DrawPoint.str1.4
                0x0000000000007cc8       0x49 ./Device/GUI_Paint.o
 *fill*         0x0000000000007d11        0x3 
 .rodata.__clz_tab
                0x0000000000007d14      0x100 f:/mounriver_studio/toolchain/risc-v embedded gcc/bin/../lib/gcc/riscv-none-embed/8.2.0/rv32imacxw/ilp32\libgcc.a(_clz.o)
                0x0000000000007d14                __clz_tab
 .rodata.__sf_fake_stderr
                0x0000000000007e14       0x20 f:/mounriver_studio/toolchain/risc-v embedded gcc/bin/../lib/gcc/riscv-none-embed/8.2.0/../../../../riscv-none-embed/lib/rv32imacxw/ilp32\libg_nano.a(lib_a-findfp.o)
                0x0000000000007e14                __sf_fake_stderr
 .rodata.__sf_fake_stdin
                0x0000000000007e34       0x20 f:/mounriver_studio/toolchain/risc-v embedded gcc/bin/../lib/gcc/riscv-none-embed/8.2.0/../../../../riscv-none-embed/lib/rv32imacxw/ilp32\libg_nano.a(lib_a-findfp.o)
                0x0000000000007e34                __sf_fake_stdin
 .rodata.__sf_fake_stdout
                0x0000000000007e54       0x20 f:/mounriver_studio/toolchain/risc-v embedded gcc/bin/../lib/gcc/riscv-none-embed/8.2.0/../../../../riscv-none-embed/lib/rv32imacxw/ilp32\libg_nano.a(lib_a-findfp.o)
                0x0000000000007e54                __sf_fake_stdout
 .rodata._svfprintf_r.str1.4
                0x0000000000007e74       0x13 f:/mounriver_studio/toolchain/risc-v embedded gcc/bin/../lib/gcc/riscv-none-embed/8.2.0/../../../../riscv-none-embed/lib/rv32imacxw/ilp32\libg_nano.a(lib_a-nano-svfprintf.o)
 .rodata._vfprintf_r.str1.4
                0x0000000000007e87       0x13 f:/mounriver_studio/toolchain/risc-v embedded gcc/bin/../lib/gcc/riscv-none-embed/8.2.0/../../../../riscv-none-embed/lib/rv32imacxw/ilp32\libg_nano.a(lib_a-nano-vfprintf.o)
 *fill*         0x0000000000007e87        0x1 
 .rodata._printf_i.str1.4
                0x0000000000007e88       0x28 f:/mounriver_studio/toolchain/risc-v embedded gcc/bin/../lib/gcc/riscv-none-embed/8.2.0/../../../../riscv-none-embed/lib/rv32imacxw/ilp32\libg_nano.a(lib_a-nano-vfprintf_i.o)
                                         0x25 (size before relaxing)
 *(.gnu.linkonce.t.*)
                0x0000000000007eb0                . = ALIGN (0x4)

.rela.dyn       0x0000000000007eb0        0x0
 .rela.init     0x0000000000007eb0        0x0 ./User/ch32v30x_it.o
 .rela.vector   0x0000000000007eb0        0x0 ./User/ch32v30x_it.o
 .rela.text.handle_reset
                0x0000000000007eb0        0x0 ./User/ch32v30x_it.o
 .rela.text.OsSchedUpdateSchedTimeBase
                0x0000000000007eb0        0x0 ./User/ch32v30x_it.o
 .rela.text.OsGetCurrSchedTimeCycle
                0x0000000000007eb0        0x0 ./User/ch32v30x_it.o
 .rela.text.OsSchedSetNextExpireTime
                0x0000000000007eb0        0x0 ./User/ch32v30x_it.o
 .rela.text.HalStartSchedule
                0x0000000000007eb0        0x0 ./User/ch32v30x_it.o
 .rela.text     0x0000000000007eb0        0x0 ./User/ch32v30x_it.o
 .rela.text._sbrk
                0x0000000000007eb0        0x0 ./User/ch32v30x_it.o
 .rela.sdata.curbrk.5273
                0x0000000000007eb0        0x0 ./User/ch32v30x_it.o
 .rela.text._sbrk_r
                0x0000000000007eb0        0x0 ./User/ch32v30x_it.o
 .rela.text._write_r
                0x0000000000007eb0        0x0 ./User/ch32v30x_it.o
 .rela.text._close_r
                0x0000000000007eb0        0x0 ./User/ch32v30x_it.o
 .rela.text._fstat_r
                0x0000000000007eb0        0x0 ./User/ch32v30x_it.o
 .rela.text._isatty_r
                0x0000000000007eb0        0x0 ./User/ch32v30x_it.o
 .rela.text._lseek_r
                0x0000000000007eb0        0x0 ./User/ch32v30x_it.o
 .rela.text._svfprintf_r
                0x0000000000007eb0        0x0 ./User/ch32v30x_it.o
 .rela.text._vfprintf_r
                0x0000000000007eb0        0x0 ./User/ch32v30x_it.o
 .rela.text._read_r
                0x0000000000007eb0        0x0 ./User/ch32v30x_it.o
 .rela.text._close
                0x0000000000007eb0        0x0 ./User/ch32v30x_it.o
 .rela.text._fstat
                0x0000000000007eb0        0x0 ./User/ch32v30x_it.o
 .rela.text._isatty
                0x0000000000007eb0        0x0 ./User/ch32v30x_it.o
 .rela.text._lseek
                0x0000000000007eb0        0x0 ./User/ch32v30x_it.o
 .rela.text._read
                0x0000000000007eb0        0x0 ./User/ch32v30x_it.o

.fini           0x0000000000007eb0        0x0
 *(SORT_NONE(.fini))
                0x0000000000007eb0                . = ALIGN (0x4)
                [!provide]                        PROVIDE (_etext = .)
                [!provide]                        PROVIDE (_eitcm = .)

.preinit_array  0x0000000000007eb0        0x0
                [!provide]                        PROVIDE (__preinit_array_start = .)
 *(.preinit_array)
                [!provide]                        PROVIDE (__preinit_array_end = .)

.init_array     0x0000000000007eb0        0x0
                [!provide]                        PROVIDE (__init_array_start = .)
 *(SORT_BY_INIT_PRIORITY(.init_array.*) SORT_BY_INIT_PRIORITY(.ctors.*))
 *(.init_array EXCLUDE_FILE(*crtend?.o *crtend.o *crtbegin?.o *crtbegin.o) .ctors)
                [!provide]                        PROVIDE (__init_array_end = .)

.fini_array     0x0000000000007eb0        0x0
                [!provide]                        PROVIDE (__fini_array_start = .)
 *(SORT_BY_INIT_PRIORITY(.fini_array.*) SORT_BY_INIT_PRIORITY(.dtors.*))
 *(.fini_array EXCLUDE_FILE(*crtend?.o *crtend.o *crtbegin?.o *crtbegin.o) .dtors)
                [!provide]                        PROVIDE (__fini_array_end = .)

.ctors
 *crtbegin.o(.ctors)
 *crtbegin?.o(.ctors)
 *(EXCLUDE_FILE(*crtend?.o *crtend.o) .ctors)
 *(SORT_BY_NAME(.ctors.*))
 *(.ctors)

.dtors
 *crtbegin.o(.dtors)
 *crtbegin?.o(.dtors)
 *(EXCLUDE_FILE(*crtend?.o *crtend.o) .dtors)
 *(SORT_BY_NAME(.dtors.*))
 *(.dtors)

.dalign         0x0000000020000000        0x0 load address 0x0000000000007eb0
                0x0000000020000000                . = ALIGN (0x4)
                0x0000000020000000                PROVIDE (_data_vma = .)

.dlalign        0x0000000000007eb0        0x0
                0x0000000000007eb0                . = ALIGN (0x4)
                0x0000000000007eb0                PROVIDE (_data_lma = .)

.data           0x0000000020000000       0xd0 load address 0x0000000000007eb0
 *(.gnu.linkonce.r.*)
 *(.data .data.*)
 .data.AHBPrescTable
                0x0000000020000000       0x10 ./User/system_ch32v30x.o
                0x0000000020000000                AHBPrescTable
 .data.button1  0x0000000020000010       0x10 ./User/thread_Eink.o
                0x0000000020000010                button1
 .data.button2  0x0000000020000020       0x10 ./User/thread_Eink.o
                0x0000000020000020                button2
 .data.APBAHBPrescTable
                0x0000000020000030       0x10 ./Peripheral/src/ch32v30x_rcc.o
 .data.Font24CN
                0x0000000020000040        0xc ./Fonts/font24CN.o
                0x0000000020000040                Font24CN
 .data.impure_data
                0x000000002000004c       0x60 f:/mounriver_studio/toolchain/risc-v embedded gcc/bin/../lib/gcc/riscv-none-embed/8.2.0/../../../../riscv-none-embed/lib/rv32imacxw/ilp32\libg_nano.a(lib_a-impure.o)
 *(.gnu.linkonce.d.*)
                0x00000000200000b0                . = ALIGN (0x8)
 *fill*         0x00000000200000ac        0x4 
                0x00000000200008b0                PROVIDE (__global_pointer$ = (. + 0x800))
 *(.sdata .sdata.*)
 .sdata.SystemCoreClock
                0x00000000200000b0        0x4 ./User/system_ch32v30x.o
                0x00000000200000b0                SystemCoreClock
 .sdata.ADCPrescTable
                0x00000000200000b4        0x4 ./Peripheral/src/ch32v30x_rcc.o
 .sdata.g_schedResponseTime
                0x00000000200000b8        0x8 ./LiteOS/kernel/src/los_sched.o
 .sdata.curbrk.5273
                0x00000000200000c0        0x4 ./Debug/debug.o
 .sdata._impure_ptr
                0x00000000200000c4        0x4 f:/mounriver_studio/toolchain/risc-v embedded gcc/bin/../lib/gcc/riscv-none-embed/8.2.0/../../../../riscv-none-embed/lib/rv32imacxw/ilp32\libg_nano.a(lib_a-impure.o)
                0x00000000200000c4                _impure_ptr
 *(.sdata2.*)
 .sdata2.CSWTCH.1
                0x00000000200000c8        0x4 ./Device/EPD.o
 .sdata2._global_impure_ptr
                0x00000000200000cc        0x4 f:/mounriver_studio/toolchain/risc-v embedded gcc/bin/../lib/gcc/riscv-none-embed/8.2.0/../../../../riscv-none-embed/lib/rv32imacxw/ilp32\libg_nano.a(lib_a-impure.o)
                0x00000000200000cc                _global_impure_ptr
 *(.gnu.linkonce.s.*)
                0x00000000200000d0                . = ALIGN (0x8)
 *(.srodata.cst16)
 *(.srodata.cst8)
 *(.srodata.cst4)
 *(.srodata.cst2)
 *(.srodata .srodata.*)
                0x00000000200000d0                . = ALIGN (0x4)
                0x00000000200000d0                PROVIDE (_edata = .)

.bss            0x00000000200000d0     0x86d4 load address 0x0000000000007f80
                0x00000000200000d0                . = ALIGN (0x4)
                0x00000000200000d0                PROVIDE (_sbss = .)
 *(.sbss*)
 .sbss.cmd_index.5620
                0x00000000200000d0        0x2 ./User/ch32v30x_it.o
 .sbss.data_index.5629
                0x00000000200000d2        0x2 ./User/ch32v30x_it.o
 .sbss.recState.5630
                0x00000000200000d4        0x4 ./User/ch32v30x_it.o
 .sbss.NVIC_Priority_Group
                0x00000000200000d8        0x4 ./Peripheral/src/ch32v30x_misc.o
                0x00000000200000d8                NVIC_Priority_Group
 .sbss.g_excHook
                0x00000000200000dc        0x4 ./LiteOS/utils/los_debug.o
 .sbss.m_aucSysMem0
                0x00000000200000e0        0x4 ./LiteOS/kernel/src/mm/los_memory.o
                0x00000000200000e0                m_aucSysMem0
 .sbss.g_allMux
                0x00000000200000e4        0x4 ./LiteOS/kernel/src/los_mux.o
                0x00000000200000e4                g_allMux
 .sbss.g_unusedMuxList
                0x00000000200000e8        0x8 ./LiteOS/kernel/src/los_mux.o
                0x00000000200000e8                g_unusedMuxList
 .sbss.g_allQueue
                0x00000000200000f0        0x4 ./LiteOS/kernel/src/los_queue.o
                0x00000000200000f0                g_allQueue
 .sbss.g_freeQueueList
                0x00000000200000f4        0x8 ./LiteOS/kernel/src/los_queue.o
                0x00000000200000f4                g_freeQueueList
 .sbss.SchedRealSleepTimeSet
                0x00000000200000fc        0x4 ./LiteOS/kernel/src/los_sched.o
 .sbss.g_queueBitmap
                0x0000000020000100        0x4 ./LiteOS/kernel/src/los_sched.o
 .sbss.g_schedResponseID
                0x0000000020000104        0x4 ./LiteOS/kernel/src/los_sched.o
 .sbss.g_schedTimerBase
                0x0000000020000108        0x8 ./LiteOS/kernel/src/los_sched.o
 .sbss.g_swtmrScan
                0x0000000020000110        0x4 ./LiteOS/kernel/src/los_sched.o
 .sbss.g_taskSortLinkList
                0x0000000020000114        0x4 ./LiteOS/kernel/src/los_sched.o
 .sbss.oldSchedTime.5965
                0x0000000020000118        0x8 ./LiteOS/kernel/src/los_sched.o
 .sbss.g_allSem
                0x0000000020000120        0x4 ./LiteOS/kernel/src/los_sem.o
                0x0000000020000120                g_allSem
 .sbss.g_unusedSemList
                0x0000000020000124        0x8 ./LiteOS/kernel/src/los_sem.o
                0x0000000020000124                g_unusedSemList
 .sbss.g_swtmrSortLink
                0x000000002000012c        0x8 ./LiteOS/kernel/src/los_sortlink.o
 .sbss.g_taskSortLink
                0x0000000020000134        0x8 ./LiteOS/kernel/src/los_sortlink.o
 .sbss.g_swtmrCBArray
                0x000000002000013c        0x4 ./LiteOS/kernel/src/los_swtmr.o
                0x000000002000013c                g_swtmrCBArray
 .sbss.g_swtmrFreeList
                0x0000000020000140        0x4 ./LiteOS/kernel/src/los_swtmr.o
                0x0000000020000140                g_swtmrFreeList
 .sbss.g_swtmrHandlerQueue
                0x0000000020000144        0x4 ./LiteOS/kernel/src/los_swtmr.o
                0x0000000020000144                g_swtmrHandlerQueue
 .sbss.g_swtmrSortLinkList
                0x0000000020000148        0x4 ./LiteOS/kernel/src/los_swtmr.o
                0x0000000020000148                g_swtmrSortLinkList
 .sbss.PmEnter  0x000000002000014c        0x4 ./LiteOS/kernel/src/los_task.o
 .sbss.g_idleTaskID
                0x0000000020000150        0x4 ./LiteOS/kernel/src/los_task.o
                0x0000000020000150                g_idleTaskID
 .sbss.g_losFreeTask
                0x0000000020000154        0x8 ./LiteOS/kernel/src/los_task.o
                0x0000000020000154                g_losFreeTask
 .sbss.g_losTask
                0x000000002000015c        0x8 ./LiteOS/kernel/src/los_task.o
                0x000000002000015c                g_losTask
 .sbss.g_losTaskLock
                0x0000000020000164        0x2 ./LiteOS/kernel/src/los_task.o
                0x0000000020000164                g_losTaskLock
 *fill*         0x0000000020000166        0x2 
 .sbss.g_swtmrTaskID
                0x0000000020000168        0x4 ./LiteOS/kernel/src/los_task.o
                0x0000000020000168                g_swtmrTaskID
 .sbss.g_taskCBArray
                0x000000002000016c        0x4 ./LiteOS/kernel/src/los_task.o
                0x000000002000016c                g_taskCBArray
 .sbss.g_taskMaxNum
                0x0000000020000170        0x4 ./LiteOS/kernel/src/los_task.o
                0x0000000020000170                g_taskMaxNum
 .sbss.g_taskRecyleList
                0x0000000020000174        0x8 ./LiteOS/kernel/src/los_task.o
                0x0000000020000174                g_taskRecyleList
 .sbss.g_taskScheduled
                0x000000002000017c        0x4 ./LiteOS/kernel/src/los_task.o
                0x000000002000017c                g_taskScheduled
 .sbss.g_cyclesPerTick
                0x0000000020000180        0x4 ./LiteOS/kernel/src/los_tick.o
                0x0000000020000180                g_cyclesPerTick
 .sbss.g_sysClock
                0x0000000020000184        0x4 ./LiteOS/kernel/src/los_tick.o
                0x0000000020000184                g_sysClock
 .sbss.g_intCount
                0x0000000020000188        0x4 ./LiteOS/kernel/arch/risc-v/V4A/gcc/los_interrupt.o
                0x0000000020000188                g_intCount
 .sbss.systick_handler
                0x000000002000018c        0x4 ./LiteOS/kernel/arch/risc-v/V4A/gcc/los_timer.o
 .sbss.g_pmSleepTime
                0x0000000020000190        0x8 ./LiteOS/components/power/los_pm.o
 .sbss.g_sysctrl
                0x0000000020000198        0x4 ./LiteOS/components/power/los_pm.o
 .sbss.WIFI_AP_STATE
                0x000000002000019c        0x1 ./Device/ESP8266.o
                0x000000002000019c                WIFI_AP_STATE
 .sbss.WIFI_BOOTFLAG
                0x000000002000019d        0x1 ./Device/ESP8266.o
                0x000000002000019d                WIFI_BOOTFLAG
 .sbss.WIFI_CMD_FLAG
                0x000000002000019e        0x1 ./Device/ESP8266.o
                0x000000002000019e                WIFI_CMD_FLAG
 .sbss.WIFI_CONNECT_STATE
                0x000000002000019f        0x1 ./Device/ESP8266.o
                0x000000002000019f                WIFI_CONNECT_STATE
 .sbss.WIFI_RECVSTOP
                0x00000000200001a0        0x1 ./Device/ESP8266.o
                0x00000000200001a0                WIFI_RECVSTOP
 .sbss.WIFI_SEND_STATE
                0x00000000200001a1        0x1 ./Device/ESP8266.o
                0x00000000200001a1                WIFI_SEND_STATE
 .sbss.p_ms     0x00000000200001a2        0x2 ./Debug/debug.o
 .sbss.p_us     0x00000000200001a4        0x1 ./Debug/debug.o
 *fill*         0x00000000200001a5        0x3 
 .sbss.__malloc_free_list
                0x00000000200001a8        0x4 f:/mounriver_studio/toolchain/risc-v embedded gcc/bin/../lib/gcc/riscv-none-embed/8.2.0/../../../../riscv-none-embed/lib/rv32imacxw/ilp32\libg_nano.a(lib_a-nano-mallocr.o)
                0x00000000200001a8                __malloc_free_list
 .sbss.__malloc_sbrk_start
                0x00000000200001ac        0x4 f:/mounriver_studio/toolchain/risc-v embedded gcc/bin/../lib/gcc/riscv-none-embed/8.2.0/../../../../riscv-none-embed/lib/rv32imacxw/ilp32\libg_nano.a(lib_a-nano-mallocr.o)
                0x00000000200001ac                __malloc_sbrk_start
 *(.gnu.linkonce.sb.*)
 *(.bss*)
 .bss.WIFI_CMD  0x00000000200001b0       0x80 ./User/ch32v30x_it.o
                0x00000000200001b0                WIFI_CMD
 .bss.g_frame_data
                0x0000000020000230      0x408 ./User/ch32v30x_it.o
                0x0000000020000230                g_frame_data
 .bss.gWifiEventGroup
                0x0000000020000638        0xc ./User/main.o
                0x0000000020000638                gWifiEventGroup
 .bss.g_memStart
                0x0000000020000644     0x8000 ./LiteOS/kernel/src/mm/los_memory.o
 .bss.g_priQueueList
                0x0000000020008644      0x100 ./LiteOS/kernel/src/los_sched.o
 .bss.g_swtmrAlignID
                0x0000000020008744       0x18 ./LiteOS/kernel/src/los_swtmr.o
                0x0000000020008744                g_swtmrAlignID
 *fill*         0x000000002000875c        0x4 
 .bss.g_pmCB    0x0000000020008760       0x28 ./LiteOS/components/power/los_pm.o
 .bss.Paint     0x0000000020008788       0x18 ./Device/GUI_Paint.o
                0x0000000020008788                Paint
 *(.gnu.linkonce.b.*)
 *(COMMON*)
 COMMON         0x00000000200087a0        0x4 f:/mounriver_studio/toolchain/risc-v embedded gcc/bin/../lib/gcc/riscv-none-embed/8.2.0/../../../../riscv-none-embed/lib/rv32imacxw/ilp32\libg_nano.a(lib_a-reent.o)
                0x00000000200087a0                errno
                0x00000000200087a4                . = ALIGN (0x4)
                0x00000000200087a4                PROVIDE (_ebss = .)
                0x00000000200087a4                PROVIDE (_end = _ebss)
                [!provide]                        PROVIDE (end = .)

.stack          0x000000002000f800      0x800
                0x000000002000f800                PROVIDE (_heap_end = .)
                0x000000002000f800                . = ALIGN (0x4)
                [!provide]                        PROVIDE (_susrstack = .)
                0x0000000020010000                . = (. + __stack_size)
 *fill*         0x000000002000f800      0x800 
                0x0000000020010000                PROVIDE (_eusrstack = .)
OUTPUT(WCH-CH32V307VCT6-Eink-LiteOS.elf elf32-littleriscv)

.debug_info     0x0000000000000000    0x3050e
 .debug_info    0x0000000000000000     0x1060 ./User/ch32v30x_it.o
 .debug_info    0x0000000000001060     0x10b9 ./User/main.o
 .debug_info    0x0000000000002119      0xbb5 ./User/system_ch32v30x.o
 .debug_info    0x0000000000002cce     0x17d0 ./User/thread_Eink.o
 .debug_info    0x000000000000449e     0x1195 ./User/thread_WiFi.o
 .debug_info    0x0000000000005633      0xb7c ./User/user_usart.o
 .debug_info    0x00000000000061af       0x22 ./Startup/startup_ch32v30x_D8C.o
 .debug_info    0x00000000000061d1      0xa94 ./Peripheral/src/ch32v30x_dbgmcu.o
 .debug_info    0x0000000000006c65     0x12aa ./Peripheral/src/ch32v30x_gpio.o
 .debug_info    0x0000000000007f0f      0xf5b ./Peripheral/src/ch32v30x_misc.o
 .debug_info    0x0000000000008e6a     0x158a ./Peripheral/src/ch32v30x_rcc.o
 .debug_info    0x000000000000a3f4     0x13cd ./Peripheral/src/ch32v30x_usart.o
 .debug_info    0x000000000000b7c1      0xc91 ./LiteOS/utils/los_debug.o
 .debug_info    0x000000000000c452     0x19a7 ./LiteOS/third_party/bounds_checking_function/src/memcpy_s.o
 .debug_info    0x000000000000ddf9     0x156a ./LiteOS/third_party/bounds_checking_function/src/memset_s.o
 .debug_info    0x000000000000f363     0x3839 ./LiteOS/kernel/src/mm/los_memory.o
 .debug_info    0x0000000000012b9c     0x143c ./LiteOS/kernel/src/los_event.o
 .debug_info    0x0000000000013fd8     0x126e ./LiteOS/kernel/src/los_init.o
 .debug_info    0x0000000000015246     0x1696 ./LiteOS/kernel/src/los_mux.o
 .debug_info    0x00000000000168dc     0x2343 ./LiteOS/kernel/src/los_queue.o
 .debug_info    0x0000000000018c1f     0x215a ./LiteOS/kernel/src/los_sched.o
 .debug_info    0x000000000001ad79     0x1807 ./LiteOS/kernel/src/los_sem.o
 .debug_info    0x000000000001c580     0x1438 ./LiteOS/kernel/src/los_sortlink.o
 .debug_info    0x000000000001d9b8     0x1ef0 ./LiteOS/kernel/src/los_swtmr.o
 .debug_info    0x000000000001f8a8     0x2846 ./LiteOS/kernel/src/los_task.o
 .debug_info    0x00000000000220ee     0x10f9 ./LiteOS/kernel/src/los_tick.o
 .debug_info    0x00000000000231e7     0x14ea ./LiteOS/kernel/arch/risc-v/V4A/gcc/los_context.o
 .debug_info    0x00000000000246d1       0x22 ./LiteOS/kernel/arch/risc-v/V4A/gcc/los_dispatch.o
 .debug_info    0x00000000000246f3     0x1740 ./LiteOS/kernel/arch/risc-v/V4A/gcc/los_interrupt.o
 .debug_info    0x0000000000025e33     0x1424 ./LiteOS/kernel/arch/risc-v/V4A/gcc/los_timer.o
 .debug_info    0x0000000000027257     0x1de5 ./LiteOS/components/power/los_pm.o
 .debug_info    0x000000000002903c      0x248 ./Fonts/font24CN.o
 .debug_info    0x0000000000029284      0xee0 ./Device/EPD.o
 .debug_info    0x000000000002a164     0x1103 ./Device/EPD_SPI.o
 .debug_info    0x000000000002b267     0x19c7 ./Device/ESP8266.o
 .debug_info    0x000000000002cc2e     0x2529 ./Device/GUI_Paint.o
 .debug_info    0x000000000002f157      0xf4a ./Debug/debug.o
 .debug_info    0x00000000000300a1      0x46d ./Core/core_riscv.o

.debug_abbrev   0x0000000000000000     0x79b5
 .debug_abbrev  0x0000000000000000      0x30d ./User/ch32v30x_it.o
 .debug_abbrev  0x000000000000030d      0x2cd ./User/main.o
 .debug_abbrev  0x00000000000005da      0x2c0 ./User/system_ch32v30x.o
 .debug_abbrev  0x000000000000089a      0x34d ./User/thread_Eink.o
 .debug_abbrev  0x0000000000000be7      0x304 ./User/thread_WiFi.o
 .debug_abbrev  0x0000000000000eeb      0x256 ./User/user_usart.o
 .debug_abbrev  0x0000000000001141       0x12 ./Startup/startup_ch32v30x_D8C.o
 .debug_abbrev  0x0000000000001153      0x2f7 ./Peripheral/src/ch32v30x_dbgmcu.o
 .debug_abbrev  0x000000000000144a      0x31a ./Peripheral/src/ch32v30x_gpio.o
 .debug_abbrev  0x0000000000001764      0x2da ./Peripheral/src/ch32v30x_misc.o
 .debug_abbrev  0x0000000000001a3e      0x351 ./Peripheral/src/ch32v30x_rcc.o
 .debug_abbrev  0x0000000000001d8f      0x312 ./Peripheral/src/ch32v30x_usart.o
 .debug_abbrev  0x00000000000020a1      0x2fd ./LiteOS/utils/los_debug.o
 .debug_abbrev  0x000000000000239e      0x2c7 ./LiteOS/third_party/bounds_checking_function/src/memcpy_s.o
 .debug_abbrev  0x0000000000002665      0x34a ./LiteOS/third_party/bounds_checking_function/src/memset_s.o
 .debug_abbrev  0x00000000000029af      0x560 ./LiteOS/kernel/src/mm/los_memory.o
 .debug_abbrev  0x0000000000002f0f      0x2f5 ./LiteOS/kernel/src/los_event.o
 .debug_abbrev  0x0000000000003204      0x2d7 ./LiteOS/kernel/src/los_init.o
 .debug_abbrev  0x00000000000034db      0x3a0 ./LiteOS/kernel/src/los_mux.o
 .debug_abbrev  0x000000000000387b      0x482 ./LiteOS/kernel/src/los_queue.o
 .debug_abbrev  0x0000000000003cfd      0x566 ./LiteOS/kernel/src/los_sched.o
 .debug_abbrev  0x0000000000004263      0x3a2 ./LiteOS/kernel/src/los_sem.o
 .debug_abbrev  0x0000000000004605      0x3dc ./LiteOS/kernel/src/los_sortlink.o
 .debug_abbrev  0x00000000000049e1      0x53b ./LiteOS/kernel/src/los_swtmr.o
 .debug_abbrev  0x0000000000004f1c      0x57b ./LiteOS/kernel/src/los_task.o
 .debug_abbrev  0x0000000000005497      0x2a7 ./LiteOS/kernel/src/los_tick.o
 .debug_abbrev  0x000000000000573e      0x302 ./LiteOS/kernel/arch/risc-v/V4A/gcc/los_context.o
 .debug_abbrev  0x0000000000005a40       0x12 ./LiteOS/kernel/arch/risc-v/V4A/gcc/los_dispatch.o
 .debug_abbrev  0x0000000000005a52      0x3b2 ./LiteOS/kernel/arch/risc-v/V4A/gcc/los_interrupt.o
 .debug_abbrev  0x0000000000005e04      0x379 ./LiteOS/kernel/arch/risc-v/V4A/gcc/los_timer.o
 .debug_abbrev  0x000000000000617d      0x50a ./LiteOS/components/power/los_pm.o
 .debug_abbrev  0x0000000000006687       0xc2 ./Fonts/font24CN.o
 .debug_abbrev  0x0000000000006749      0x2c8 ./Device/EPD.o
 .debug_abbrev  0x0000000000006a11      0x2b6 ./Device/EPD_SPI.o
 .debug_abbrev  0x0000000000006cc7      0x4a8 ./Device/ESP8266.o
 .debug_abbrev  0x000000000000716f      0x444 ./Device/GUI_Paint.o
 .debug_abbrev  0x00000000000075b3      0x2f5 ./Debug/debug.o
 .debug_abbrev  0x00000000000078a8      0x10d ./Core/core_riscv.o

.debug_loc      0x0000000000000000    0x1063f
 .debug_loc     0x0000000000000000      0x292 ./User/ch32v30x_it.o
 .debug_loc     0x0000000000000292       0x1e ./User/main.o
 .debug_loc     0x00000000000002b0      0x163 ./User/system_ch32v30x.o
 .debug_loc     0x0000000000000413       0xd9 ./User/thread_Eink.o
 .debug_loc     0x00000000000004ec      0x1b5 ./User/thread_WiFi.o
 .debug_loc     0x00000000000006a1       0x9b ./User/user_usart.o
 .debug_loc     0x000000000000073c       0x6e ./Peripheral/src/ch32v30x_dbgmcu.o
 .debug_loc     0x00000000000007aa      0x72b ./Peripheral/src/ch32v30x_gpio.o
 .debug_loc     0x0000000000000ed5       0x61 ./Peripheral/src/ch32v30x_misc.o
 .debug_loc     0x0000000000000f36      0xadb ./Peripheral/src/ch32v30x_rcc.o
 .debug_loc     0x0000000000001a11      0x779 ./Peripheral/src/ch32v30x_usart.o
 .debug_loc     0x000000000000218a      0x17b ./LiteOS/utils/los_debug.o
 .debug_loc     0x0000000000002305     0x1eb9 ./LiteOS/third_party/bounds_checking_function/src/memcpy_s.o
 .debug_loc     0x00000000000041be      0x707 ./LiteOS/third_party/bounds_checking_function/src/memset_s.o
 .debug_loc     0x00000000000048c5     0x21f8 ./LiteOS/kernel/src/mm/los_memory.o
 .debug_loc     0x0000000000006abd      0x618 ./LiteOS/kernel/src/los_event.o
 .debug_loc     0x00000000000070d5       0x1e ./LiteOS/kernel/src/los_init.o
 .debug_loc     0x00000000000070f3      0x531 ./LiteOS/kernel/src/los_mux.o
 .debug_loc     0x0000000000007624     0x1fc3 ./LiteOS/kernel/src/los_queue.o
 .debug_loc     0x00000000000095e7      0xa8b ./LiteOS/kernel/src/los_sched.o
 .debug_loc     0x000000000000a072      0x71d ./LiteOS/kernel/src/los_sem.o
 .debug_loc     0x000000000000a78f      0x6e4 ./LiteOS/kernel/src/los_sortlink.o
 .debug_loc     0x000000000000ae73     0x1010 ./LiteOS/kernel/src/los_swtmr.o
 .debug_loc     0x000000000000be83     0x113b ./LiteOS/kernel/src/los_task.o
 .debug_loc     0x000000000000cfbe      0x2bf ./LiteOS/kernel/src/los_tick.o
 .debug_loc     0x000000000000d27d      0x104 ./LiteOS/kernel/arch/risc-v/V4A/gcc/los_context.o
 .debug_loc     0x000000000000d381      0x1de ./LiteOS/kernel/arch/risc-v/V4A/gcc/los_interrupt.o
 .debug_loc     0x000000000000d55f       0xe0 ./LiteOS/kernel/arch/risc-v/V4A/gcc/los_timer.o
 .debug_loc     0x000000000000d63f      0x912 ./LiteOS/components/power/los_pm.o